Copyright 1986-2022 Xilinx, Inc. All Rights Reserved. Copyright 2022-2025 Advanced Micro Devices, Inc. All Rights Reserved.
---------------------------------------------------------------------------------------------------------------------------------------------
| Tool Version : Vivado v.2025.2 (win64) Build 6299465 Fri Nov 14 19:35:11 GMT 2025
| Date         : Sat Jul  4 00:05:23 2026
| Host         : Sourish_PC running 64-bit major release  (build 9200)
| Command      : report_control_sets -verbose -file top_control_sets_placed.rpt
| Design       : top
| Device       : xc7a100t
---------------------------------------------------------------------------------------------------------------------------------------------

Control Set Information

Table of Contents
-----------------
1. Summary
2. Histogram
3. Flip-Flop Distribution
4. Detailed Control Set Information

1. Summary
----------

+----------------------------------------------------------+-------+
|                          Status                          | Count |
+----------------------------------------------------------+-------+
| Total control sets                                       |    33 |
|    Minimum number of control sets                        |    33 |
|    Addition due to synthesis replication                 |     0 |
|    Addition due to physical synthesis replication        |     0 |
| Unused register locations in slices containing registers |    58 |
+----------------------------------------------------------+-------+
* Control sets can be merged at opt_design using control_set_merge or merge_equivalent_drivers
** Run report_qor_suggestions for automated merging and remapping suggestions


2. Histogram
------------

+--------------------+-------+
|       Fanout       | Count |
+--------------------+-------+
| Total control sets |    33 |
| >= 0 to < 4        |     3 |
| >= 4 to < 6        |     5 |
| >= 6 to < 8        |     2 |
| >= 8 to < 10       |     9 |
| >= 10 to < 12      |     1 |
| >= 12 to < 14      |     0 |
| >= 14 to < 16      |     0 |
| >= 16              |    13 |
+--------------------+-------+
* Control sets can be remapped at either synth_design or opt_design


3. Flip-Flop Distribution
-------------------------

+--------------+-----------------------+------------------------+-----------------+--------------+
| Clock Enable | Synchronous Set/Reset | Asynchronous Set/Reset | Total Registers | Total Slices |
+--------------+-----------------------+------------------------+-----------------+--------------+
| No           | No                    | No                     |             160 |           43 |
| No           | No                    | Yes                    |              39 |           15 |
| No           | Yes                   | No                     |              12 |            4 |
| Yes          | No                    | No                     |            2560 |          593 |
| Yes          | No                    | Yes                    |              63 |           16 |
| Yes          | Yes                   | No                     |             108 |           24 |
+--------------+-----------------------+------------------------+-----------------+--------------+


4. Detailed Control Set Information
-----------------------------------

+----------------+------------------------------------------------------------------------------------------------------------------------------------------------------------------------+----------------------------------------+------------------+----------------+--------------+
|  Clock Signal  |                                                                              Enable Signal                                                                             |            Set/Reset Signal            | Slice Load Count | Bel Load Count | Bels / Slice |
+----------------+------------------------------------------------------------------------------------------------------------------------------------------------------------------------+----------------------------------------+------------------+----------------+--------------+
|  clk_IBUF_BUFG | u_start_sync/start                                                                                                                                                     | u_ser/por_done_reg                     |                1 |              1 |         1.00 |
|  clk_IBUF_BUFG | u_ifft/u1/U0/i_synth/axi_wrapper/config_channel_fifo/gen_non_real_time.data_in_fifo_pt1/wr_enable                                                                      |                                        |                1 |              3 |         3.00 |
|  clk_IBUF_BUFG | u_ifft/u1/U0/i_synth/axi_wrapper/has_scale_pipelining.has_tw_scale_reg.tw_scale_reg_ce_0                                                                               |                                        |                1 |              3 |         3.00 |
|  clk_IBUF_BUFG | u_ifft/u1/U0/i_synth/axi_wrapper/E[0]                                                                                                                                  |                                        |                1 |              4 |         4.00 |
|  clk_IBUF_BUFG | u_ifft/u1/U0/i_synth/axi_wrapper/gen_ce_non_real_time.ce_predicted_reg_0[0]                                                                                            |                                        |                1 |              4 |         4.00 |
|  clk_IBUF_BUFG | u_ifft/u1/U0/i_synth/axi_wrapper/has_scale_pipelining.has_tw_scale_reg.tw_scale_reg_ce                                                                                 |                                        |                1 |              4 |         4.00 |
|  clk_IBUF_BUFG | u_seq/FSM_onehot_state[3]_i_1_n_0                                                                                                                                      | u_ser/por_done_reg                     |                1 |              4 |         4.00 |
|  clk_IBUF_BUFG | u_uart/FSM_sequential_state[3]_i_1_n_0                                                                                                                                 | u_ser/por_done_reg                     |                1 |              4 |         4.00 |
|  clk_IBUF_BUFG | u_ifft/u1/U0/i_synth/axi_wrapper/gen_symbols_out_default.symbols_out_remaining[5]_i_1_n_0                                                                              |                                        |                3 |              6 |         2.00 |
|  clk_IBUF_BUFG | u_ifft/p_5_in                                                                                                                                                          | u_ser/por_done_reg                     |                3 |              6 |         2.00 |
|  clk_IBUF_BUFG | u_ifft/u1/U0/i_synth/non_native_flt_non_ssr_fft.xfft_inst/non_floating_point.arch_d.xfft_inst/DOUT_CNT_CTRL_0/cnt/cnt_ce                                               |                                        |                3 |              8 |         2.67 |
|  clk_IBUF_BUFG | u_ifft/u1/U0/i_synth/non_native_flt_non_ssr_fft.xfft_inst/non_floating_point.arch_d.xfft_inst/FLOW/proc0_counter/load_cnt_ce                                           |                                        |                3 |              8 |         2.67 |
|  clk_IBUF_BUFG | u_ser/out_data[7]_i_1_n_0                                                                                                                                              | u_ser/por_done_reg                     |                3 |              8 |         2.67 |
|  clk_IBUF_BUFG | u_uart/E[0]                                                                                                                                                            | u_ser/por_done_reg                     |                2 |              8 |         4.00 |
|  clk_IBUF_BUFG | u_ifft/u1/U0/i_synth/non_native_flt_non_ssr_fft.xfft_inst/non_floating_point.arch_d.xfft_inst/pe_gen[0].natural_order_input.PE/has_addr_gen.bf2_addr_gen/cnt/cnt_ce    |                                        |                3 |              8 |         2.67 |
|  clk_IBUF_BUFG | u_ifft/u1/U0/i_synth/non_native_flt_non_ssr_fft.xfft_inst/non_floating_point.arch_d.xfft_inst/pe_gen[0].natural_order_input.PE/has_addr_gen.tw_addr_gen/cnt/cnt_ce     |                                        |                3 |              8 |         2.67 |
|  clk_IBUF_BUFG | u_ifft/u1/U0/i_synth/non_native_flt_non_ssr_fft.xfft_inst/non_floating_point.arch_d.xfft_inst/has_bit_reverse.no_cyclic_prefix_xk_counter.DOUT_CNT_CTRL_1/cnt/cnt_ce   |                                        |                3 |              8 |         2.67 |
|  clk_IBUF_BUFG | u_ifft/u1/U0/i_synth/non_native_flt_non_ssr_fft.xfft_inst/non_floating_point.arch_d.xfft_inst/pe_gen[1].natural_order_input.PE/has_addr_gen.bf2_addr_gen/cnt/cnt_ce    |                                        |                3 |              8 |         2.67 |
|  clk_IBUF_BUFG | u_ifft/u1/U0/i_synth/non_native_flt_non_ssr_fft.xfft_inst/non_floating_point.arch_d.xfft_inst/pe_gen[1].natural_order_input.PE/has_addr_gen.tw_addr_gen/cnt/cnt_ce     |                                        |                3 |              8 |         2.67 |
|  clk_IBUF_BUFG | p_0_in                                                                                                                                                                 |                                        |                3 |             11 |         3.67 |
|  clk_IBUF_BUFG | u_fifo/u_fifo/U0/inst_fifo_gen/gconvfifo.rf/grf.rf/gntv_or_sync_fifo.gl0.rd/gr1.gr1_int.rfwft/E[0]                                                                     | u_ser/por_done_reg                     |                6 |             22 |         3.67 |
|  clk_IBUF_BUFG | u_fifo/u_fifo/U0/inst_fifo_gen/gconvfifo.rf/grf.rf/gntv_or_sync_fifo.gl0.wr/gwss.wsts/wr_en_0[0]                                                                       | u_ser/por_done_reg                     |                7 |             22 |         3.14 |
|  clk_IBUF_BUFG | u_ifft/u1/U0/i_synth/axi_wrapper/ce_w2c                                                                                                                                | u_ifft/u1/U0/i_synth/axi_wrapper/SR[0] |                6 |             32 |         5.33 |
|  clk_IBUF_BUFG | u_ifft/u1/U0/i_synth/non_native_flt_non_ssr_fft.xfft_inst/non_floating_point.arch_d.xfft_inst/wr_enable                                                                |                                        |                4 |             32 |         8.00 |
|  clk_IBUF_BUFG | u_fifo/u_fifo/U0/inst_fifo_gen/gconvfifo.rf/grf.rf/gntv_or_sync_fifo.gl0.rd/gr1.gr1_int.rfwft/gpregsm1.curr_fwft_state_reg[1]_0[0]                                     | u_ser/por_done_reg                     |                5 |             32 |         6.40 |
|  clk_IBUF_BUFG | u_ifft/u1/U0/i_synth/axi_wrapper/gen_input_fifo_read_default.data_in_channel_fifo/gen_non_real_time.data_in_fifo_pt1/gen_non_real_time.gen_has_skid_buffer.data_out_20 |                                        |                6 |             32 |         5.33 |
|  clk_IBUF_BUFG | u_fifo/FSM_sequential_state_reg                                                                                                                                        | u_ser/por_done_reg                     |                5 |             32 |         6.40 |
|  clk_IBUF_BUFG | u_ifft/u1/U0/i_synth/axi_wrapper/gen_input_fifo_read_default.data_in_channel_fifo/gen_non_real_time.data_in_fifo_pt1/gen_non_real_time.gen_has_skid_buffer.data_out_10 |                                        |                6 |             32 |         5.33 |
|  clk_IBUF_BUFG | u_ifft/u1/U0/i_synth/axi_wrapper/gen_input_fifo_read_default.data_in_channel_fifo/gen_non_real_time.data_in_fifo_pt1/wr_enable                                         |                                        |                4 |             32 |         8.00 |
|  clk_IBUF_BUFG | u_ifft/u1/U0/i_synth/axi_wrapper/data_out_channel/gen_non_real_time.fifo/fifo0/rd_enable                                                                               |                                        |                5 |             33 |         6.60 |
|  clk_IBUF_BUFG |                                                                                                                                                                        | u_ser/por_done_reg                     |               19 |             51 |         2.68 |
|  clk_IBUF_BUFG |                                                                                                                                                                        |                                        |               43 |            160 |         3.72 |
|  clk_IBUF_BUFG | u_ifft/u1/U0/i_synth/axi_wrapper/ce_w2c                                                                                                                                |                                        |              545 |           2959 |         5.43 |
+----------------+------------------------------------------------------------------------------------------------------------------------------------------------------------------------+----------------------------------------+------------------+----------------+--------------+


