#-----------------------------------------------------------
# xsim v2025.2 (64-bit)
# SW Build 6299465 on Fri Nov 14 19:35:11 GMT 2025
# IP Build 6300035 on Fri Nov 14 10:48:45 MST 2025
# SharedData Build 6298862 on Thu Nov 13 04:50:51 MST 2025
# Start of session at: Tue Jun 23 01:01:22 2026
# Process ID         : 80812
# Current directory  : C:/Sourish/OFDM/OFDM_FPGA
# Command line       : xsim.exe -source {xsim.dir/tb_ifft_wrapper_sim/xsim_script.tcl}
# Log file           : C:/Sourish/OFDM/OFDM_FPGA/xsim.log
# Journal file       : C:/Sourish/OFDM/OFDM_FPGA\xsim.jou
# Running On         : Sourish_PC
# Platform           : Windows Server 2016 or Windows 10
# Operating System   : 26200
# Processor Detail   : AMD Ryzen 9 270 w/ Radeon 780M Graphics        
# CPU Frequency      : 3993 MHz
# CPU Physical cores : 8
# CPU Logical cores  : 16
# Host memory        : 33565 MB
# Swap memory        : 40282 MB
# Total Virtual      : 73847 MB
# Available Virtual  : 3384 MB
#-----------------------------------------------------------
start_gui
source xsim.dir/tb_ifft_wrapper_sim/xsim_script.tcl
run all
