
*** Running vivado
    with args -log top.vds -m64 -product Vivado -mode batch -messageDb vivado.pb -notrace -source top.tcl



****** Vivado v2025.2 (64-bit)
  **** SW Build 6299465 on Fri Nov 14 19:35:11 GMT 2025
  **** IP Build 6300035 on Fri Nov 14 10:48:45 MST 2025
  **** SharedData Build 6298862 on Thu Nov 13 04:50:51 MST 2025
  **** Start of session at: Sat Jul  4 00:03:54 2026
    ** Copyright 1986-2022 Xilinx, Inc. All Rights Reserved.
    ** Copyright 2022-2025 Advanced Micro Devices, Inc. All Rights Reserved.

source top.tcl -notrace
Command: read_checkpoint -auto_incremental -incremental C:/Sourish/OFDM/OFDM_FPGA/OFDM_FPGA.srcs/utils_1/imports/synth_1/top.dcp
INFO: [Vivado 12-5825] Read reference checkpoint from C:/Sourish/OFDM/OFDM_FPGA/OFDM_FPGA.srcs/utils_1/imports/synth_1/top.dcp for incremental synthesis
INFO: [Vivado 12-7989] Please ensure there are no constraint changes
Command: synth_design -top top -part xc7a100tcsg324-1
Starting synth_design
Attempting to get a license for feature 'Synthesis' and/or device 'xc7a100t'
INFO: [Common 17-349] Got license for feature 'Synthesis' and/or device 'xc7a100t'
INFO: [Device 21-403] Loading part xc7a100tcsg324-1
INFO: [Designutils 20-5440] No compile time benefit to using incremental synthesis; A full resynthesis will be run
INFO: [Designutils 20-4379] Flow is switching to default flow due to incremental criteria not met. If you would like to alter this behaviour and have the flow terminate instead, please set the following parameter config_implementation {autoIncr.Synth.RejectBehavior Terminate}
INFO: [Synth 8-7079] Multithreading enabled for synth_design using a maximum of 2 processes.
INFO: [Synth 8-7078] Launching helper process for spawning children vivado processes
INFO: [Synth 8-7075] Helper process launched with PID 58892
---------------------------------------------------------------------------------
Starting RTL Elaboration : Time (s): cpu = 00:00:04 ; elapsed = 00:00:04 . Memory (MB): peak = 1364.090 ; gain = 541.762
---------------------------------------------------------------------------------
WARNING: [Synth 8-6901] identifier 'mem_addr' is used before its declaration [C:/Sourish/OFDM/OFDM_FPGA/OFDM_FPGA.srcs/sources_1/new/cp_insert.sv:111]
INFO: [Synth 8-11241] undeclared symbol 'por_n_rst', assumed default net type 'wire' [C:/Sourish/OFDM/OFDM_FPGA/OFDM_FPGA.srcs/sources_1/new/top.sv:46]
WARNING: [Synth 8-8895] 'por_n_rst' is already implicitly declared on line 46 [C:/Sourish/OFDM/OFDM_FPGA/OFDM_FPGA.srcs/sources_1/new/top.sv:58]
INFO: [Synth 8-11241] undeclared symbol 'seq_done', assumed default net type 'wire' [C:/Sourish/OFDM/OFDM_FPGA/OFDM_FPGA.srcs/sources_1/new/top.sv:65]
INFO: [Synth 8-11241] undeclared symbol 'uart_busy', assumed default net type 'wire' [C:/Sourish/OFDM/OFDM_FPGA/OFDM_FPGA.srcs/sources_1/new/top.sv:150]
INFO: [Synth 8-6157] synthesizing module 'top' [C:/Sourish/OFDM/OFDM_FPGA/OFDM_FPGA.srcs/sources_1/new/top.sv:4]
INFO: [Synth 8-6157] synthesizing module 'button_sync' [C:/Sourish/OFDM/OFDM_FPGA/OFDM_FPGA.srcs/sources_1/new/button_sync.sv:22]
INFO: [Synth 8-6155] done synthesizing module 'button_sync' (0#1) [C:/Sourish/OFDM/OFDM_FPGA/OFDM_FPGA.srcs/sources_1/new/button_sync.sv:22]
INFO: [Synth 8-6157] synthesizing module 'frame_sequencer' [C:/Sourish/OFDM/OFDM_FPGA/OFDM_FPGA.srcs/sources_1/new/frame_sequencer.sv:23]
INFO: [Synth 8-6157] synthesizing module 'preamble_rom' [C:/Sourish/OFDM/OFDM_FPGA/OFDM_FPGA.srcs/sources_1/new/preamble_rom.sv:25]
	Parameter DEPTH bound to: 32'sb00000000000000000000000001000000 
	Parameter INIT_FILE bound to: C:/Sourish/OFDM/OFDM Simulation/Verification_Files/preamble_timing.txt - type: string 
INFO: [Synth 8-3876] $readmem data file 'C:/Sourish/OFDM/OFDM Simulation/Verification_Files/preamble_timing.txt' is read successfully [C:/Sourish/OFDM/OFDM_FPGA/OFDM_FPGA.srcs/sources_1/new/preamble_rom.sv:37]
INFO: [Synth 8-6155] done synthesizing module 'preamble_rom' (0#1) [C:/Sourish/OFDM/OFDM_FPGA/OFDM_FPGA.srcs/sources_1/new/preamble_rom.sv:25]
INFO: [Synth 8-6157] synthesizing module 'preamble_rom__parameterized0' [C:/Sourish/OFDM/OFDM_FPGA/OFDM_FPGA.srcs/sources_1/new/preamble_rom.sv:25]
	Parameter DEPTH bound to: 32'sb00000000000000000000000001000000 
	Parameter INIT_FILE bound to: C:/Sourish/OFDM/OFDM Simulation/Verification_Files/preamble_channel.txt - type: string 
INFO: [Synth 8-3876] $readmem data file 'C:/Sourish/OFDM/OFDM Simulation/Verification_Files/preamble_channel.txt' is read successfully [C:/Sourish/OFDM/OFDM_FPGA/OFDM_FPGA.srcs/sources_1/new/preamble_rom.sv:37]
INFO: [Synth 8-6155] done synthesizing module 'preamble_rom__parameterized0' (0#1) [C:/Sourish/OFDM/OFDM_FPGA/OFDM_FPGA.srcs/sources_1/new/preamble_rom.sv:25]
INFO: [Synth 8-6157] synthesizing module 'bits_rom' [C:/Sourish/OFDM/OFDM_FPGA/OFDM_FPGA.srcs/sources_1/new/bits_rom.sv:23]
	Parameter DEPTH bound to: 32'sb00000000000000000000000100000000 
	Parameter INIT_FILE bound to: C:/Sourish/OFDM/OFDM Simulation/Verification_Files/bits.hex - type: string 
INFO: [Synth 8-3876] $readmem data file 'C:/Sourish/OFDM/OFDM Simulation/Verification_Files/bits.hex' is read successfully [C:/Sourish/OFDM/OFDM_FPGA/OFDM_FPGA.srcs/sources_1/new/bits_rom.sv:34]
INFO: [Synth 8-6155] done synthesizing module 'bits_rom' (0#1) [C:/Sourish/OFDM/OFDM_FPGA/OFDM_FPGA.srcs/sources_1/new/bits_rom.sv:23]
INFO: [Synth 8-6157] synthesizing module 'qpsk_mapper' [C:/Sourish/OFDM/OFDM_FPGA/OFDM_FPGA.srcs/sources_1/new/qpsk_mapper.sv:23]
INFO: [Synth 8-226] default block is never used [C:/Sourish/OFDM/OFDM_FPGA/OFDM_FPGA.srcs/sources_1/new/qpsk_mapper.sv:29]
INFO: [Synth 8-6155] done synthesizing module 'qpsk_mapper' (0#1) [C:/Sourish/OFDM/OFDM_FPGA/OFDM_FPGA.srcs/sources_1/new/qpsk_mapper.sv:23]
INFO: [Synth 8-226] default block is never used [C:/Sourish/OFDM/OFDM_FPGA/OFDM_FPGA.srcs/sources_1/new/frame_sequencer.sv:92]
INFO: [Synth 8-226] default block is never used [C:/Sourish/OFDM/OFDM_FPGA/OFDM_FPGA.srcs/sources_1/new/frame_sequencer.sv:141]
INFO: [Synth 8-6155] done synthesizing module 'frame_sequencer' (0#1) [C:/Sourish/OFDM/OFDM_FPGA/OFDM_FPGA.srcs/sources_1/new/frame_sequencer.sv:23]
INFO: [Synth 8-6157] synthesizing module 'ifft_wrapper' [C:/Sourish/OFDM/OFDM_FPGA/OFDM_FPGA.srcs/sources_1/new/ifft_wrapper.sv:23]
INFO: [Synth 8-6157] synthesizing module 'xfft_0' [C:/Sourish/OFDM/OFDM_FPGA/OFDM_FPGA.runs/synth_1/.Xil/Vivado-9192-Sourish_PC/realtime/xfft_0_stub.v:6]
INFO: [Synth 8-6155] done synthesizing module 'xfft_0' (0#1) [C:/Sourish/OFDM/OFDM_FPGA/OFDM_FPGA.runs/synth_1/.Xil/Vivado-9192-Sourish_PC/realtime/xfft_0_stub.v:6]
WARNING: [Synth 8-7071] port 'event_frame_started' of module 'xfft_0' is unconnected for instance 'u1' [C:/Sourish/OFDM/OFDM_FPGA/OFDM_FPGA.srcs/sources_1/new/ifft_wrapper.sv:47]
WARNING: [Synth 8-7071] port 'event_tlast_unexpected' of module 'xfft_0' is unconnected for instance 'u1' [C:/Sourish/OFDM/OFDM_FPGA/OFDM_FPGA.srcs/sources_1/new/ifft_wrapper.sv:47]
WARNING: [Synth 8-7071] port 'event_tlast_missing' of module 'xfft_0' is unconnected for instance 'u1' [C:/Sourish/OFDM/OFDM_FPGA/OFDM_FPGA.srcs/sources_1/new/ifft_wrapper.sv:47]
WARNING: [Synth 8-7071] port 'event_status_channel_halt' of module 'xfft_0' is unconnected for instance 'u1' [C:/Sourish/OFDM/OFDM_FPGA/OFDM_FPGA.srcs/sources_1/new/ifft_wrapper.sv:47]
WARNING: [Synth 8-7071] port 'event_data_in_channel_halt' of module 'xfft_0' is unconnected for instance 'u1' [C:/Sourish/OFDM/OFDM_FPGA/OFDM_FPGA.srcs/sources_1/new/ifft_wrapper.sv:47]
WARNING: [Synth 8-7071] port 'event_data_out_channel_halt' of module 'xfft_0' is unconnected for instance 'u1' [C:/Sourish/OFDM/OFDM_FPGA/OFDM_FPGA.srcs/sources_1/new/ifft_wrapper.sv:47]
WARNING: [Synth 8-7023] instance 'u1' of module 'xfft_0' has 18 connections declared, but only 12 given [C:/Sourish/OFDM/OFDM_FPGA/OFDM_FPGA.srcs/sources_1/new/ifft_wrapper.sv:47]
INFO: [Synth 8-6155] done synthesizing module 'ifft_wrapper' (0#1) [C:/Sourish/OFDM/OFDM_FPGA/OFDM_FPGA.srcs/sources_1/new/ifft_wrapper.sv:23]
INFO: [Synth 8-6157] synthesizing module 'cp_insert' [C:/Sourish/OFDM/OFDM_FPGA/OFDM_FPGA.srcs/sources_1/new/cp_insert.sv:25]
INFO: [Synth 8-6155] done synthesizing module 'cp_insert' (0#1) [C:/Sourish/OFDM/OFDM_FPGA/OFDM_FPGA.srcs/sources_1/new/cp_insert.sv:25]
INFO: [Synth 8-6157] synthesizing module 'fifo_sync' [C:/Sourish/OFDM/OFDM_FPGA/OFDM_FPGA.srcs/sources_1/new/fifo_sync.sv:24]
INFO: [Synth 8-6157] synthesizing module 'fifo_generator_0' [C:/Sourish/OFDM/OFDM_FPGA/OFDM_FPGA.runs/synth_1/.Xil/Vivado-9192-Sourish_PC/realtime/fifo_generator_0_stub.v:6]
INFO: [Synth 8-6155] done synthesizing module 'fifo_generator_0' (0#1) [C:/Sourish/OFDM/OFDM_FPGA/OFDM_FPGA.runs/synth_1/.Xil/Vivado-9192-Sourish_PC/realtime/fifo_generator_0_stub.v:6]
INFO: [Synth 8-6155] done synthesizing module 'fifo_sync' (0#1) [C:/Sourish/OFDM/OFDM_FPGA/OFDM_FPGA.srcs/sources_1/new/fifo_sync.sv:24]
INFO: [Synth 8-6157] synthesizing module 'byte_serializer' [C:/Sourish/OFDM/OFDM_FPGA/OFDM_FPGA.srcs/sources_1/new/byte_serializer.sv:11]
INFO: [Synth 8-226] default block is never used [C:/Sourish/OFDM/OFDM_FPGA/OFDM_FPGA.srcs/sources_1/new/byte_serializer.sv:52]
INFO: [Synth 8-6155] done synthesizing module 'byte_serializer' (0#1) [C:/Sourish/OFDM/OFDM_FPGA/OFDM_FPGA.srcs/sources_1/new/byte_serializer.sv:11]
INFO: [Synth 8-6157] synthesizing module 'uart_tx_fixed' [C:/Sourish/OFDM/OFDM_FPGA/OFDM_FPGA.srcs/sources_1/new/uart_tx_fixed.sv:6]
	Parameter CLK_HZ bound to: 32'sb00000101111101011110000100000000 
	Parameter BAUD bound to: 32'sb00000000000000011100001000000000 
INFO: [Synth 8-6155] done synthesizing module 'uart_tx_fixed' (0#1) [C:/Sourish/OFDM/OFDM_FPGA/OFDM_FPGA.srcs/sources_1/new/uart_tx_fixed.sv:6]
INFO: [Synth 8-6155] done synthesizing module 'top' (0#1) [C:/Sourish/OFDM/OFDM_FPGA/OFDM_FPGA.srcs/sources_1/new/top.sv:4]
---------------------------------------------------------------------------------
Finished RTL Elaboration : Time (s): cpu = 00:00:05 ; elapsed = 00:00:06 . Memory (MB): peak = 1490.250 ; gain = 667.922
---------------------------------------------------------------------------------
---------------------------------------------------------------------------------
Start Handling Custom Attributes
---------------------------------------------------------------------------------
---------------------------------------------------------------------------------
Finished Handling Custom Attributes : Time (s): cpu = 00:00:05 ; elapsed = 00:00:06 . Memory (MB): peak = 1490.250 ; gain = 667.922
---------------------------------------------------------------------------------
---------------------------------------------------------------------------------
Finished RTL Optimization Phase 1 : Time (s): cpu = 00:00:05 ; elapsed = 00:00:06 . Memory (MB): peak = 1490.250 ; gain = 667.922
---------------------------------------------------------------------------------
Netlist sorting complete. Time (s): cpu = 00:00:00 ; elapsed = 00:00:00.007 . Memory (MB): peak = 1490.250 ; gain = 0.000
INFO: [Project 1-570] Preparing netlist for logic optimization

Processing XDC Constraints
Initializing timing engine
Parsing XDC File [c:/Sourish/OFDM/OFDM_FPGA/OFDM_FPGA.gen/sources_1/ip/xfft_0/xfft_0/xfft_0_in_context.xdc] for cell 'u_ifft/u1'
Finished Parsing XDC File [c:/Sourish/OFDM/OFDM_FPGA/OFDM_FPGA.gen/sources_1/ip/xfft_0/xfft_0/xfft_0_in_context.xdc] for cell 'u_ifft/u1'
Parsing XDC File [c:/Sourish/OFDM/OFDM_FPGA/OFDM_FPGA.gen/sources_1/ip/fifo_generator_0_1/fifo_generator_0/fifo_generator_0_in_context.xdc] for cell 'u_fifo/u_fifo'
Finished Parsing XDC File [c:/Sourish/OFDM/OFDM_FPGA/OFDM_FPGA.gen/sources_1/ip/fifo_generator_0_1/fifo_generator_0/fifo_generator_0_in_context.xdc] for cell 'u_fifo/u_fifo'
Parsing XDC File [C:/Sourish/OFDM/OFDM_FPGA/ofdm_integration_checked/tx_top.xdc]
Finished Parsing XDC File [C:/Sourish/OFDM/OFDM_FPGA/ofdm_integration_checked/tx_top.xdc]
INFO: [Project 1-236] Implementation specific constraints were found while reading constraint file [C:/Sourish/OFDM/OFDM_FPGA/ofdm_integration_checked/tx_top.xdc]. These constraints will be ignored for synthesis but will be used in implementation. Impacted constraints are listed in the file [.Xil/top_propImpl.xdc].
Resolution: To avoid this warning, move constraints listed in [.Xil/top_propImpl.xdc] to another XDC file and exclude this new file from synthesis with the used_in_synthesis property (File Properties dialog in GUI) and re-run elaboration/synthesis.
Completed Processing XDC Constraints

Netlist sorting complete. Time (s): cpu = 00:00:00 ; elapsed = 00:00:00 . Memory (MB): peak = 1558.344 ; gain = 0.000
INFO: [Project 1-111] Unisim Transformation Summary:
No Unisim elements were transformed.

Constraint Validation Runtime : Time (s): cpu = 00:00:00 ; elapsed = 00:00:00.006 . Memory (MB): peak = 1558.344 ; gain = 0.000
INFO: [Designutils 20-5440] No compile time benefit to using incremental synthesis; A full resynthesis will be run
INFO: [Designutils 20-4379] Flow is switching to default flow due to incremental criteria not met. If you would like to alter this behaviour and have the flow terminate instead, please set the following parameter config_implementation {autoIncr.Synth.RejectBehavior Terminate}
---------------------------------------------------------------------------------
Finished Constraint Validation : Time (s): cpu = 00:00:12 ; elapsed = 00:00:13 . Memory (MB): peak = 1558.344 ; gain = 736.016
---------------------------------------------------------------------------------
---------------------------------------------------------------------------------
Start Loading Part and Timing Information
---------------------------------------------------------------------------------
Loading part: xc7a100tcsg324-1
---------------------------------------------------------------------------------
Finished Loading Part and Timing Information : Time (s): cpu = 00:00:12 ; elapsed = 00:00:13 . Memory (MB): peak = 1558.344 ; gain = 736.016
---------------------------------------------------------------------------------
---------------------------------------------------------------------------------
Start Applying 'set_property' XDC Constraints
---------------------------------------------------------------------------------
---------------------------------------------------------------------------------
Finished applying 'set_property' XDC Constraints : Time (s): cpu = 00:00:12 ; elapsed = 00:00:13 . Memory (MB): peak = 1558.344 ; gain = 736.016
---------------------------------------------------------------------------------
INFO: [Synth 8-802] inferred FSM for state register 'state_reg' in module 'frame_sequencer'
INFO: [Synth 8-802] inferred FSM for state register 'state_reg' in module 'cp_insert'
INFO: [Synth 8-802] inferred FSM for state register 'state_reg' in module 'byte_serializer'
INFO: [Synth 8-802] inferred FSM for state register 'state_reg' in module 'uart_tx_fixed'
---------------------------------------------------------------------------------------------------
                   State |                     New Encoding |                Previous Encoding 
---------------------------------------------------------------------------------------------------
                    IDLE |                             0001 |                               00
                  WARMUP |                             0010 |                               01
                  ACTIVE |                             0100 |                               10
                  DONE_S |                             1000 |                               11
---------------------------------------------------------------------------------------------------
INFO: [Synth 8-3354] encoded FSM with state register 'state_reg' using encoding 'one-hot' in module 'frame_sequencer'
---------------------------------------------------------------------------------------------------
                   State |                     New Encoding |                Previous Encoding 
---------------------------------------------------------------------------------------------------
                   WRITE |                              001 |                               00
               WARM_READ |                              010 |                               01
                    READ |                              100 |                               10
---------------------------------------------------------------------------------------------------
INFO: [Synth 8-3354] encoded FSM with state register 'state_reg' using encoding 'one-hot' in module 'cp_insert'
---------------------------------------------------------------------------------------------------
                   State |                     New Encoding |                Previous Encoding 
---------------------------------------------------------------------------------------------------
                    IDLE |                                0 |                               00
                    SEND |                                1 |                               01
---------------------------------------------------------------------------------------------------
INFO: [Synth 8-3354] encoded FSM with state register 'state_reg' using encoding 'sequential' in module 'byte_serializer'
---------------------------------------------------------------------------------------------------
                   State |                     New Encoding |                Previous Encoding 
---------------------------------------------------------------------------------------------------
                    IDLE |                             0000 |                             0000
                   START |                             0001 |                             0001
                   DATA0 |                             0010 |                             0010
                   DATA1 |                             0011 |                             0011
                   DATA2 |                             0100 |                             0100
                   DATA3 |                             0101 |                             0101
                   DATA4 |                             0110 |                             0110
                   DATA5 |                             0111 |                             0111
                   DATA6 |                             1000 |                             1000
                   DATA7 |                             1001 |                             1001
                    STOP |                             1010 |                             1010
---------------------------------------------------------------------------------------------------
INFO: [Synth 8-3354] encoded FSM with state register 'state_reg' using encoding 'sequential' in module 'uart_tx_fixed'
---------------------------------------------------------------------------------
Finished RTL Optimization Phase 2 : Time (s): cpu = 00:00:12 ; elapsed = 00:00:13 . Memory (MB): peak = 1558.344 ; gain = 736.016
---------------------------------------------------------------------------------
---------------------------------------------------------------------------------
Start RTL Component Statistics 
---------------------------------------------------------------------------------
Detailed RTL Component Info : 
+---Adders : 
	   2 Input   11 Bit       Adders := 1     
	   2 Input   10 Bit       Adders := 1     
	   2 Input    7 Bit       Adders := 1     
	   2 Input    6 Bit       Adders := 5     
	   2 Input    5 Bit       Adders := 1     
	   2 Input    2 Bit       Adders := 1     
+---Registers : 
	               16 Bit    Registers := 8     
	               11 Bit    Registers := 1     
	               10 Bit    Registers := 1     
	                8 Bit    Registers := 3     
	                7 Bit    Registers := 1     
	                6 Bit    Registers := 3     
	                5 Bit    Registers := 1     
	                2 Bit    Registers := 1     
	                1 Bit    Registers := 8     
+---RAMs : 
	             1024 Bit	(64 X 16 bit)          RAMs := 2     
+---ROMs : 
	                    ROMs := 1     
+---Muxes : 
	   2 Input   16 Bit        Muxes := 4     
	   4 Input   16 Bit        Muxes := 2     
	   3 Input   16 Bit        Muxes := 2     
	  11 Input   10 Bit        Muxes := 1     
	   2 Input    8 Bit        Muxes := 3     
	   4 Input    8 Bit        Muxes := 1     
	   2 Input    7 Bit        Muxes := 1     
	   2 Input    6 Bit        Muxes := 3     
	   4 Input    6 Bit        Muxes := 1     
	   2 Input    5 Bit        Muxes := 3     
	  11 Input    4 Bit        Muxes := 1     
	   4 Input    2 Bit        Muxes := 1     
	   2 Input    2 Bit        Muxes := 2     
	   4 Input    1 Bit        Muxes := 1     
	   3 Input    1 Bit        Muxes := 2     
	   2 Input    1 Bit        Muxes := 9     
	  11 Input    1 Bit        Muxes := 3     
---------------------------------------------------------------------------------
Finished RTL Component Statistics 
---------------------------------------------------------------------------------
---------------------------------------------------------------------------------
Start Part Resource Summary
---------------------------------------------------------------------------------
Part Resources:
DSPs: 240 (col length:80)
BRAMs: 270 (col length: RAMB18 80 RAMB36 40)
---------------------------------------------------------------------------------
Finished Part Resource Summary
---------------------------------------------------------------------------------
---------------------------------------------------------------------------------
Start Cross Boundary and Area Optimization
---------------------------------------------------------------------------------
---------------------------------------------------------------------------------
Finished Cross Boundary and Area Optimization : Time (s): cpu = 00:00:14 ; elapsed = 00:00:15 . Memory (MB): peak = 1558.344 ; gain = 736.016
---------------------------------------------------------------------------------
---------------------------------------------------------------------------------
Start ROM, RAM, DSP, Shift Register and Retiming Reporting
---------------------------------------------------------------------------------

ROM: Preliminary Mapping Report
+-------------+------------+---------------+----------------+
|Module Name  | RTL Object | Depth x Width | Implemented As | 
+-------------+------------+---------------+----------------+
|preamble_rom | mem        | 64x5          | LUT            | 
|preamble_rom | mem        | 64x4          | LUT            | 
|top          | p_0_out    | 64x4          | LUT            | 
|top          | p_0_out    | 64x5          | LUT            | 
+-------------+------------+---------------+----------------+


Block RAM: Preliminary Mapping Report (see note below)
+------------+---------------------+------------------------+---+---+------------------------+---+---+------------------+--------+--------+
|Module Name | RTL Object          | PORT A (Depth x Width) | W | R | PORT B (Depth x Width) | W | R | Ports driving FF | RAMB18 | RAMB36 | 
+------------+---------------------+------------------------+---+---+------------------------+---+---+------------------+--------+--------+
|top         | u_cp/mem_reg[0][im] | 64 x 16(READ_FIRST)    | W |   | 64 x 16(WRITE_FIRST)   |   | R | Port A and B     | 1      | 0      | 
|top         | u_cp/mem_reg[0][re] | 64 x 16(READ_FIRST)    | W |   | 64 x 16(WRITE_FIRST)   |   | R | Port A and B     | 1      | 0      | 
+------------+---------------------+------------------------+---+---+------------------------+---+---+------------------+--------+--------+

Note: The table above is a preliminary report that shows the Block RAMs at the current stage of the synthesis flow. Some Block RAMs may be reimplemented as non Block RAM primitives later in the synthesis flow. Multiple instantiated Block RAMs are reported only once. 
---------------------------------------------------------------------------------
Finished ROM, RAM, DSP, Shift Register and Retiming Reporting
---------------------------------------------------------------------------------
---------------------------------------------------------------------------------
Start Applying XDC Timing Constraints
---------------------------------------------------------------------------------
---------------------------------------------------------------------------------
Finished Applying XDC Timing Constraints : Time (s): cpu = 00:00:18 ; elapsed = 00:00:19 . Memory (MB): peak = 1683.344 ; gain = 861.016
---------------------------------------------------------------------------------
---------------------------------------------------------------------------------
Start Timing Optimization
---------------------------------------------------------------------------------
---------------------------------------------------------------------------------
Finished Timing Optimization : Time (s): cpu = 00:00:18 ; elapsed = 00:00:19 . Memory (MB): peak = 1714.508 ; gain = 892.180
---------------------------------------------------------------------------------
---------------------------------------------------------------------------------
Start ROM, RAM, DSP, Shift Register and Retiming Reporting
---------------------------------------------------------------------------------

Block RAM: Final Mapping Report
+------------+---------------------+------------------------+---+---+------------------------+---+---+------------------+--------+--------+
|Module Name | RTL Object          | PORT A (Depth x Width) | W | R | PORT B (Depth x Width) | W | R | Ports driving FF | RAMB18 | RAMB36 | 
+------------+---------------------+------------------------+---+---+------------------------+---+---+------------------+--------+--------+
|top         | u_cp/mem_reg[0][im] | 64 x 16(READ_FIRST)    | W |   | 64 x 16(WRITE_FIRST)   |   | R | Port A and B     | 1      | 0      | 
|top         | u_cp/mem_reg[0][re] | 64 x 16(READ_FIRST)    | W |   | 64 x 16(WRITE_FIRST)   |   | R | Port A and B     | 1      | 0      | 
+------------+---------------------+------------------------+---+---+------------------------+---+---+------------------+--------+--------+

---------------------------------------------------------------------------------
Finished ROM, RAM, DSP, Shift Register and Retiming Reporting
---------------------------------------------------------------------------------
---------------------------------------------------------------------------------
Start Technology Mapping
---------------------------------------------------------------------------------
INFO: [Synth 8-7052] The timing for the instance u_seq/u_bit_rom/data_out_reg (implemented as a Block RAM) might be sub-optimal as no optional output register could be merged into the ram block. Providing additional output register may help in improving timing.
INFO: [Synth 8-7052] The timing for the instance u_cp/mem_reg[0][im] (implemented as a Block RAM) might be sub-optimal as no optional output register could be merged into the ram block. Providing additional output register may help in improving timing.
INFO: [Synth 8-7052] The timing for the instance u_cp/mem_reg[0][re] (implemented as a Block RAM) might be sub-optimal as no optional output register could be merged into the ram block. Providing additional output register may help in improving timing.
---------------------------------------------------------------------------------
Finished Technology Mapping : Time (s): cpu = 00:00:18 ; elapsed = 00:00:19 . Memory (MB): peak = 1714.508 ; gain = 892.180
---------------------------------------------------------------------------------
---------------------------------------------------------------------------------
Start IO Insertion
---------------------------------------------------------------------------------
---------------------------------------------------------------------------------
Start Flattening Before IO Insertion
---------------------------------------------------------------------------------
---------------------------------------------------------------------------------
Finished Flattening Before IO Insertion
---------------------------------------------------------------------------------
---------------------------------------------------------------------------------
Start Final Netlist Cleanup
---------------------------------------------------------------------------------
---------------------------------------------------------------------------------
Finished Final Netlist Cleanup
---------------------------------------------------------------------------------
---------------------------------------------------------------------------------
Finished IO Insertion : Time (s): cpu = 00:00:21 ; elapsed = 00:00:22 . Memory (MB): peak = 1943.910 ; gain = 1121.582
---------------------------------------------------------------------------------
---------------------------------------------------------------------------------
Start Renaming Generated Instances
---------------------------------------------------------------------------------
---------------------------------------------------------------------------------
Finished Renaming Generated Instances : Time (s): cpu = 00:00:21 ; elapsed = 00:00:22 . Memory (MB): peak = 1943.910 ; gain = 1121.582
---------------------------------------------------------------------------------
---------------------------------------------------------------------------------
Start Rebuilding User Hierarchy
---------------------------------------------------------------------------------
---------------------------------------------------------------------------------
Finished Rebuilding User Hierarchy : Time (s): cpu = 00:00:21 ; elapsed = 00:00:22 . Memory (MB): peak = 1943.910 ; gain = 1121.582
---------------------------------------------------------------------------------
---------------------------------------------------------------------------------
Start Renaming Generated Ports
---------------------------------------------------------------------------------
---------------------------------------------------------------------------------
Finished Renaming Generated Ports : Time (s): cpu = 00:00:21 ; elapsed = 00:00:22 . Memory (MB): peak = 1943.910 ; gain = 1121.582
---------------------------------------------------------------------------------
---------------------------------------------------------------------------------
Start Handling Custom Attributes
---------------------------------------------------------------------------------
---------------------------------------------------------------------------------
Finished Handling Custom Attributes : Time (s): cpu = 00:00:21 ; elapsed = 00:00:22 . Memory (MB): peak = 1944.875 ; gain = 1122.547
---------------------------------------------------------------------------------
---------------------------------------------------------------------------------
Start Renaming Generated Nets
---------------------------------------------------------------------------------
---------------------------------------------------------------------------------
Finished Renaming Generated Nets : Time (s): cpu = 00:00:21 ; elapsed = 00:00:22 . Memory (MB): peak = 1944.875 ; gain = 1122.547
---------------------------------------------------------------------------------
---------------------------------------------------------------------------------
Start Writing Synthesis Report
---------------------------------------------------------------------------------

Report BlackBoxes: 
+------+-----------------+----------+
|      |BlackBox name    |Instances |
+------+-----------------+----------+
|1     |fifo_generator_0 |         1|
|2     |xfft_0           |         1|
+------+-----------------+----------+

Report Cell Usage: 
+------+---------------+------+
|      |Cell           |Count |
+------+---------------+------+
|1     |fifo_generator |     1|
|2     |xfft           |     1|
|3     |BUFG           |     1|
|4     |CARRY4         |     7|
|5     |LUT1           |     6|
|6     |LUT2           |    47|
|7     |LUT3           |    18|
|8     |LUT4           |    32|
|9     |LUT5           |    27|
|10    |LUT6           |    62|
|11    |RAMB18E1       |     3|
|13    |FDCE           |   106|
|14    |FDPE           |     2|
|15    |FDRE           |    45|
|16    |IBUF           |     3|
|17    |OBUF           |     9|
+------+---------------+------+
---------------------------------------------------------------------------------
Finished Writing Synthesis Report : Time (s): cpu = 00:00:21 ; elapsed = 00:00:22 . Memory (MB): peak = 1944.875 ; gain = 1122.547
---------------------------------------------------------------------------------
Synthesis finished with 0 errors, 0 critical warnings and 0 warnings.
Synthesis Optimization Runtime : Time (s): cpu = 00:00:14 ; elapsed = 00:00:21 . Memory (MB): peak = 1944.875 ; gain = 1054.453
Synthesis Optimization Complete : Time (s): cpu = 00:00:21 ; elapsed = 00:00:23 . Memory (MB): peak = 1944.875 ; gain = 1122.547
INFO: [Project 1-571] Translating synthesized netlist
Netlist sorting complete. Time (s): cpu = 00:00:00 ; elapsed = 00:00:00.004 . Memory (MB): peak = 1954.047 ; gain = 0.000
INFO: [Netlist 29-17] Analyzing 10 Unisim elements for replacement
INFO: [Netlist 29-28] Unisim Transformation completed in 0 CPU seconds
INFO: [Project 1-570] Preparing netlist for logic optimization
INFO: [Opt 31-138] Pushed 0 inverter(s) to 0 load pin(s).
Netlist sorting complete. Time (s): cpu = 00:00:00 ; elapsed = 00:00:00 . Memory (MB): peak = 1957.754 ; gain = 0.000
INFO: [Project 1-111] Unisim Transformation Summary:
No Unisim elements were transformed.

Synth Design complete | Checksum: 423c8ab0
INFO: [Common 17-83] Releasing license: Synthesis
70 Infos, 9 Warnings, 0 Critical Warnings and 0 Errors encountered.
synth_design completed successfully
synth_design: Time (s): cpu = 00:00:25 ; elapsed = 00:00:28 . Memory (MB): peak = 1957.754 ; gain = 1339.012
Write ShapeDB Complete: Time (s): cpu = 00:00:00 ; elapsed = 00:00:00.001 . Memory (MB): peak = 1957.754 ; gain = 0.000
INFO: [Common 17-1381] The checkpoint 'C:/Sourish/OFDM/OFDM_FPGA/OFDM_FPGA.runs/synth_1/top.dcp' has been generated.
INFO: [Vivado 12-24828] Executing command : report_utilization -file top_utilization_synth.rpt -pb top_utilization_synth.pb
INFO: [Common 17-206] Exiting Vivado at Sat Jul  4 00:04:30 2026...
