
*** Running vivado
    with args -log xfft_0.vds -m64 -product Vivado -mode batch -messageDb vivado.pb -notrace -source xfft_0.tcl



****** Vivado v2025.2 (64-bit)
  **** SW Build 6299465 on Fri Nov 14 19:35:11 GMT 2025
  **** IP Build 6300035 on Fri Nov 14 10:48:45 MST 2025
  **** SharedData Build 6298862 on Thu Nov 13 04:50:51 MST 2025
  **** Start of session at: Fri Jun 19 11:50:56 2026
    ** Copyright 1986-2022 Xilinx, Inc. All Rights Reserved.
    ** Copyright 2022-2025 Advanced Micro Devices, Inc. All Rights Reserved.

source xfft_0.tcl -notrace
create_project: Time (s): cpu = 00:00:13 ; elapsed = 00:00:11 . Memory (MB): peak = 609.152 ; gain = 220.258
Command: synth_design -top xfft_0 -part xc7a100tcsg324-1 -incremental_mode off -mode out_of_context
Starting synth_design
Attempting to get a license for feature 'Synthesis' and/or device 'xc7a100t'
INFO: [Common 17-349] Got license for feature 'Synthesis' and/or device 'xc7a100t'
INFO: [Device 21-403] Loading part xc7a100tcsg324-1
INFO: [Synth 8-7079] Multithreading enabled for synth_design using a maximum of 2 processes.
INFO: [Synth 8-7078] Launching helper process for spawning children vivado processes
INFO: [Synth 8-7075] Helper process launched with PID 74756
---------------------------------------------------------------------------------
Starting RTL Elaboration : Time (s): cpu = 00:00:17 ; elapsed = 00:00:21 . Memory (MB): peak = 1364.746 ; gain = 541.375
---------------------------------------------------------------------------------
INFO: [Synth 8-638] synthesizing module 'xfft_0' [c:/Sourish/OFDM/OFDM_FPGA/OFDM_FPGA.gen/sources_1/ip/xfft_0/synth/xfft_0.vhd:82]
	Parameter C_XDEVICEFAMILY bound to: artix7 - type: string 
	Parameter C_PART bound to: xc7a100tcsg324-1 - type: string 
	Parameter C_S_AXIS_CONFIG_TDATA_WIDTH bound to: 8 - type: integer 
	Parameter C_S_AXIS_DATA_TDATA_WIDTH bound to: 32 - type: integer 
	Parameter C_M_AXIS_DATA_TDATA_WIDTH bound to: 32 - type: integer 
	Parameter C_M_AXIS_DATA_TUSER_WIDTH bound to: 1 - type: integer 
	Parameter C_M_AXIS_STATUS_TDATA_WIDTH bound to: 1 - type: integer 
	Parameter C_THROTTLE_SCHEME bound to: 1 - type: integer 
	Parameter C_NSSR bound to: 1 - type: integer 
	Parameter C_CHANNELS bound to: 1 - type: integer 
	Parameter C_NFFT_MAX bound to: 6 - type: integer 
	Parameter C_ARCH bound to: 3 - type: integer 
	Parameter C_HAS_NFFT bound to: 0 - type: integer 
	Parameter C_USE_FLT_PT bound to: 0 - type: integer 
	Parameter C_INPUT_WIDTH bound to: 16 - type: integer 
	Parameter C_TWIDDLE_WIDTH bound to: 16 - type: integer 
	Parameter C_OUTPUT_WIDTH bound to: 16 - type: integer 
	Parameter C_HAS_SCALING bound to: 1 - type: integer 
	Parameter C_HAS_BFP bound to: 0 - type: integer 
	Parameter C_HAS_ROUNDING bound to: 1 - type: integer 
	Parameter C_HAS_ACLKEN bound to: 0 - type: integer 
	Parameter C_HAS_ARESETN bound to: 0 - type: integer 
	Parameter C_HAS_OVFLO bound to: 0 - type: integer 
	Parameter C_HAS_NATURAL_INPUT bound to: 1 - type: integer 
	Parameter C_HAS_NATURAL_OUTPUT bound to: 1 - type: integer 
	Parameter C_HAS_CYCLIC_PREFIX bound to: 0 - type: integer 
	Parameter C_HAS_XK_INDEX bound to: 0 - type: integer 
	Parameter C_DATA_MEM_TYPE bound to: 1 - type: integer 
	Parameter C_TWIDDLE_MEM_TYPE bound to: 1 - type: integer 
	Parameter C_BRAM_STAGES bound to: 0 - type: integer 
	Parameter C_REORDER_MEM_TYPE bound to: 1 - type: integer 
	Parameter C_USE_HYBRID_RAM bound to: 0 - type: integer 
	Parameter C_OPTIMIZE_GOAL bound to: 0 - type: integer 
	Parameter C_CMPY_TYPE bound to: 1 - type: integer 
	Parameter C_BFLY_TYPE bound to: 0 - type: integer 
	Parameter C_SYSTOLICFFT_INV bound to: 0 - type: integer 
	Parameter C_IS_BLOCKING_RUNTIME_CONF bound to: 0 - type: integer 
INFO: [Synth 8-3491] module 'xfft_v9_1_15' declared at 'c:/Sourish/OFDM/OFDM_FPGA/OFDM_FPGA.gen/sources_1/ip/xfft_0/hdl/xfft_v9_1_vh_rfs.vhd:103927' bound to instance 'U0' of component 'xfft_v9_1_15' [c:/Sourish/OFDM/OFDM_FPGA/OFDM_FPGA.gen/sources_1/ip/xfft_0/synth/xfft_0.vhd:202]
INFO: [Synth 8-256] done synthesizing module 'xfft_0' (0#1) [c:/Sourish/OFDM/OFDM_FPGA/OFDM_FPGA.gen/sources_1/ip/xfft_0/synth/xfft_0.vhd:82]
INFO: [Synth 8-7129] Port Q[0] in module shift_ram__parameterized61 is either unconnected or has no load
INFO: [Synth 8-7129] Port D[0] in module shift_ram__parameterized61 is either unconnected or has no load
INFO: [Synth 8-7129] Port CLK in module shift_ram__parameterized61 is either unconnected or has no load
INFO: [Synth 8-7129] Port CE in module shift_ram__parameterized61 is either unconnected or has no load
INFO: [Synth 8-7129] Port SCLR in module shift_ram__parameterized61 is either unconnected or has no load
INFO: [Synth 8-7129] Port COMBI_SCLR in module shift_ram__parameterized61 is either unconnected or has no load
INFO: [Synth 8-7129] Port DEPTHx2 in module shift_ram__parameterized61 is either unconnected or has no load
INFO: [Synth 8-7129] Port a[3] in module c_shift_ram_v12_0_20_legacy__parameterized8 is either unconnected or has no load
INFO: [Synth 8-7129] Port a[2] in module c_shift_ram_v12_0_20_legacy__parameterized8 is either unconnected or has no load
INFO: [Synth 8-7129] Port a[1] in module c_shift_ram_v12_0_20_legacy__parameterized8 is either unconnected or has no load
INFO: [Synth 8-7129] Port a[0] in module c_shift_ram_v12_0_20_legacy__parameterized8 is either unconnected or has no load
INFO: [Synth 8-7129] Port aclr in module c_shift_ram_v12_0_20_legacy__parameterized8 is either unconnected or has no load
INFO: [Synth 8-7129] Port aset in module c_shift_ram_v12_0_20_legacy__parameterized8 is either unconnected or has no load
INFO: [Synth 8-7129] Port ainit in module c_shift_ram_v12_0_20_legacy__parameterized8 is either unconnected or has no load
INFO: [Synth 8-7129] Port sclr in module c_shift_ram_v12_0_20_legacy__parameterized8 is either unconnected or has no load
INFO: [Synth 8-7129] Port sset in module c_shift_ram_v12_0_20_legacy__parameterized8 is either unconnected or has no load
INFO: [Synth 8-7129] Port sinit in module c_shift_ram_v12_0_20_legacy__parameterized8 is either unconnected or has no load
INFO: [Synth 8-7129] Port D[0] in module shift_ram__parameterized63 is either unconnected or has no load
INFO: [Synth 8-7129] Port DEPTHx2 in module shift_ram__parameterized63 is either unconnected or has no load
INFO: [Synth 8-7129] Port D[15] in module shift_ram__parameterized62 is either unconnected or has no load
INFO: [Synth 8-7129] Port D[14] in module shift_ram__parameterized62 is either unconnected or has no load
INFO: [Synth 8-7129] Port D[13] in module shift_ram__parameterized62 is either unconnected or has no load
INFO: [Synth 8-7129] Port D[12] in module shift_ram__parameterized62 is either unconnected or has no load
INFO: [Synth 8-7129] Port D[11] in module shift_ram__parameterized62 is either unconnected or has no load
INFO: [Synth 8-7129] Port D[10] in module shift_ram__parameterized62 is either unconnected or has no load
INFO: [Synth 8-7129] Port D[9] in module shift_ram__parameterized62 is either unconnected or has no load
INFO: [Synth 8-7129] Port D[8] in module shift_ram__parameterized62 is either unconnected or has no load
INFO: [Synth 8-7129] Port D[7] in module shift_ram__parameterized62 is either unconnected or has no load
INFO: [Synth 8-7129] Port D[6] in module shift_ram__parameterized62 is either unconnected or has no load
INFO: [Synth 8-7129] Port D[5] in module shift_ram__parameterized62 is either unconnected or has no load
INFO: [Synth 8-7129] Port D[4] in module shift_ram__parameterized62 is either unconnected or has no load
INFO: [Synth 8-7129] Port D[3] in module shift_ram__parameterized62 is either unconnected or has no load
INFO: [Synth 8-7129] Port D[2] in module shift_ram__parameterized62 is either unconnected or has no load
INFO: [Synth 8-7129] Port D[1] in module shift_ram__parameterized62 is either unconnected or has no load
INFO: [Synth 8-7129] Port D[0] in module shift_ram__parameterized62 is either unconnected or has no load
INFO: [Synth 8-7129] Port DEPTHx2 in module shift_ram__parameterized62 is either unconnected or has no load
INFO: [Synth 8-7129] Port a[3] in module c_shift_ram_v12_0_20_legacy is either unconnected or has no load
INFO: [Synth 8-7129] Port a[2] in module c_shift_ram_v12_0_20_legacy is either unconnected or has no load
INFO: [Synth 8-7129] Port a[1] in module c_shift_ram_v12_0_20_legacy is either unconnected or has no load
INFO: [Synth 8-7129] Port a[0] in module c_shift_ram_v12_0_20_legacy is either unconnected or has no load
INFO: [Synth 8-7129] Port aclr in module c_shift_ram_v12_0_20_legacy is either unconnected or has no load
INFO: [Synth 8-7129] Port aset in module c_shift_ram_v12_0_20_legacy is either unconnected or has no load
INFO: [Synth 8-7129] Port ainit in module c_shift_ram_v12_0_20_legacy is either unconnected or has no load
INFO: [Synth 8-7129] Port sclr in module c_shift_ram_v12_0_20_legacy is either unconnected or has no load
INFO: [Synth 8-7129] Port sset in module c_shift_ram_v12_0_20_legacy is either unconnected or has no load
INFO: [Synth 8-7129] Port sinit in module c_shift_ram_v12_0_20_legacy is either unconnected or has no load
INFO: [Synth 8-7129] Port D[0] in module shift_ram__parameterized60 is either unconnected or has no load
INFO: [Synth 8-7129] Port DEPTHx2 in module shift_ram__parameterized60 is either unconnected or has no load
INFO: [Synth 8-7129] Port D1 in module shift_ram__parameterized59 is either unconnected or has no load
INFO: [Synth 8-7129] Port DEPTHx2 in module shift_ram__parameterized59 is either unconnected or has no load
INFO: [Synth 8-7129] Port depthx2 in module r22_memory__parameterized0 is either unconnected or has no load
INFO: [Synth 8-7129] Port Q1 in module shift_ram__parameterized58 is either unconnected or has no load
INFO: [Synth 8-7129] Port D1 in module shift_ram__parameterized58 is either unconnected or has no load
INFO: [Synth 8-7129] Port COMBI_SCLR in module shift_ram__parameterized58 is either unconnected or has no load
INFO: [Synth 8-7129] Port DEPTHx2 in module shift_ram__parameterized58 is either unconnected or has no load
INFO: [Synth 8-7129] Port D1 in module shift_ram__parameterized55 is either unconnected or has no load
INFO: [Synth 8-7129] Port DEPTHx2 in module shift_ram__parameterized55 is either unconnected or has no load
INFO: [Synth 8-7129] Port D[0] in module shift_ram__parameterized19 is either unconnected or has no load
INFO: [Synth 8-7129] Port SCLR in module shift_ram__parameterized19 is either unconnected or has no load
INFO: [Synth 8-7129] Port COMBI_SCLR in module shift_ram__parameterized19 is either unconnected or has no load
INFO: [Synth 8-7129] Port DEPTHx2 in module shift_ram__parameterized19 is either unconnected or has no load
INFO: [Synth 8-7129] Port Q1 in module shift_ram__parameterized57 is either unconnected or has no load
INFO: [Synth 8-7129] Port D1 in module shift_ram__parameterized57 is either unconnected or has no load
INFO: [Synth 8-7129] Port CLK in module shift_ram__parameterized57 is either unconnected or has no load
INFO: [Synth 8-7129] Port CE in module shift_ram__parameterized57 is either unconnected or has no load
INFO: [Synth 8-7129] Port SCLR in module shift_ram__parameterized57 is either unconnected or has no load
INFO: [Synth 8-7129] Port COMBI_SCLR in module shift_ram__parameterized57 is either unconnected or has no load
INFO: [Synth 8-7129] Port DEPTHx2 in module shift_ram__parameterized57 is either unconnected or has no load
INFO: [Synth 8-7129] Port D1 in module shift_ram__parameterized56 is either unconnected or has no load
INFO: [Synth 8-7129] Port SCLR in module shift_ram__parameterized56 is either unconnected or has no load
INFO: [Synth 8-7129] Port COMBI_SCLR in module shift_ram__parameterized56 is either unconnected or has no load
INFO: [Synth 8-7129] Port DEPTHx2 in module shift_ram__parameterized56 is either unconnected or has no load
INFO: [Synth 8-7129] Port D[0] in module shift_ram__parameterized16 is either unconnected or has no load
INFO: [Synth 8-7129] Port COMBI_SCLR in module shift_ram__parameterized16 is either unconnected or has no load
INFO: [Synth 8-7129] Port DEPTHx2 in module shift_ram__parameterized16 is either unconnected or has no load
INFO: [Synth 8-7129] Port MUXCY_IN in module equ_rtl is either unconnected or has no load
INFO: [Synth 8-7129] Port AINIT in module c_reg_fd_v12_0_11_viv is either unconnected or has no load
INFO: [Synth 8-7129] Port ACLR in module c_reg_fd_v12_0_11_viv is either unconnected or has no load
INFO: [Synth 8-7129] Port ASET in module c_reg_fd_v12_0_11_viv is either unconnected or has no load
INFO: [Synth 8-7129] Port SINIT in module c_reg_fd_v12_0_11_viv is either unconnected or has no load
INFO: [Synth 8-7129] Port SSET in module c_reg_fd_v12_0_11_viv is either unconnected or has no load
INFO: [Synth 8-7129] Port add in module c_addsub_v12_0_21_lut6_legacy is either unconnected or has no load
INFO: [Synth 8-7129] Port bypass in module c_addsub_v12_0_21_lut6_legacy is either unconnected or has no load
INFO: [Synth 8-7129] Port sset in module c_addsub_v12_0_21_lut6_legacy is either unconnected or has no load
INFO: [Synth 8-7129] Port sinit in module c_addsub_v12_0_21_lut6_legacy is either unconnected or has no load
INFO: [Synth 8-7129] Port b_in in module c_addsub_v12_0_21_legacy is either unconnected or has no load
INFO: [Synth 8-7129] Port a_signed in module c_addsub_v12_0_21_legacy is either unconnected or has no load
INFO: [Synth 8-7129] Port b_signed in module c_addsub_v12_0_21_legacy is either unconnected or has no load
INFO: [Synth 8-7129] Port MAX[5] in module cnt_tc_rtl_a__parameterized0 is either unconnected or has no load
INFO: [Synth 8-7129] Port MAX[4] in module cnt_tc_rtl_a__parameterized0 is either unconnected or has no load
INFO: [Synth 8-7129] Port MAX[3] in module cnt_tc_rtl_a__parameterized0 is either unconnected or has no load
INFO: [Synth 8-7129] Port MAX[2] in module cnt_tc_rtl_a__parameterized0 is either unconnected or has no load
INFO: [Synth 8-7129] Port MAX[1] in module cnt_tc_rtl_a__parameterized0 is either unconnected or has no load
INFO: [Synth 8-7129] Port MAX[0] in module cnt_tc_rtl_a__parameterized0 is either unconnected or has no load
INFO: [Synth 8-7129] Port LOAD[5] in module cnt_tc_rtl_a__parameterized0 is either unconnected or has no load
INFO: [Synth 8-7129] Port LOAD[4] in module cnt_tc_rtl_a__parameterized0 is either unconnected or has no load
INFO: [Synth 8-7129] Port LOAD[3] in module cnt_tc_rtl_a__parameterized0 is either unconnected or has no load
INFO: [Synth 8-7129] Port LOAD[2] in module cnt_tc_rtl_a__parameterized0 is either unconnected or has no load
INFO: [Synth 8-7129] Port LOAD[1] in module cnt_tc_rtl_a__parameterized0 is either unconnected or has no load
INFO: [Synth 8-7129] Port LOAD[0] in module cnt_tc_rtl_a__parameterized0 is either unconnected or has no load
INFO: [Common 17-14] Message 'Synth 8-7129' appears 100 times and further instances of the messages will be disabled. Use the Tcl command set_msg_config to change the current settings.
---------------------------------------------------------------------------------
Finished RTL Elaboration : Time (s): cpu = 00:01:55 ; elapsed = 00:02:22 . Memory (MB): peak = 2759.426 ; gain = 1936.055
---------------------------------------------------------------------------------
---------------------------------------------------------------------------------
Start Handling Custom Attributes
---------------------------------------------------------------------------------
---------------------------------------------------------------------------------
Finished Handling Custom Attributes : Time (s): cpu = 00:01:56 ; elapsed = 00:02:22 . Memory (MB): peak = 2759.426 ; gain = 1936.055
---------------------------------------------------------------------------------
---------------------------------------------------------------------------------
Finished RTL Optimization Phase 1 : Time (s): cpu = 00:01:56 ; elapsed = 00:02:22 . Memory (MB): peak = 2759.426 ; gain = 1936.055
---------------------------------------------------------------------------------
Netlist sorting complete. Time (s): cpu = 00:00:00 ; elapsed = 00:00:00.381 . Memory (MB): peak = 2759.426 ; gain = 0.000
INFO: [Netlist 29-17] Analyzing 1331 Unisim elements for replacement
INFO: [Netlist 29-28] Unisim Transformation completed in 0 CPU seconds
INFO: [Project 1-570] Preparing netlist for logic optimization

Processing XDC Constraints
Initializing timing engine
Parsing XDC File [c:/Sourish/OFDM/OFDM_FPGA/OFDM_FPGA.gen/sources_1/ip/xfft_0/xfft_0_ooc.xdc] for cell 'U0'
Finished Parsing XDC File [c:/Sourish/OFDM/OFDM_FPGA/OFDM_FPGA.gen/sources_1/ip/xfft_0/xfft_0_ooc.xdc] for cell 'U0'
Parsing XDC File [C:/Sourish/OFDM/OFDM_FPGA/OFDM_FPGA.runs/xfft_0_synth_1/dont_touch.xdc]
Finished Parsing XDC File [C:/Sourish/OFDM/OFDM_FPGA/OFDM_FPGA.runs/xfft_0_synth_1/dont_touch.xdc]
Completed Processing XDC Constraints

Netlist sorting complete. Time (s): cpu = 00:00:00 ; elapsed = 00:00:00.014 . Memory (MB): peak = 2759.426 ; gain = 0.000
INFO: [Project 1-111] Unisim Transformation Summary:
  A total of 256 instances were transformed.
  FD => FDRE: 3 instances
  FDE => FDRE: 228 instances
  FDR => FDRE: 25 instances

Constraint Validation Runtime : Time (s): cpu = 00:00:01 ; elapsed = 00:00:00.445 . Memory (MB): peak = 2759.426 ; gain = 0.000
INFO: [Designutils 20-5008] Incremental synthesis strategy off
---------------------------------------------------------------------------------
Finished Constraint Validation : Time (s): cpu = 00:02:13 ; elapsed = 00:02:42 . Memory (MB): peak = 2759.426 ; gain = 1936.055
---------------------------------------------------------------------------------
---------------------------------------------------------------------------------
Start Loading Part and Timing Information
---------------------------------------------------------------------------------
Loading part: xc7a100tcsg324-1
---------------------------------------------------------------------------------
Finished Loading Part and Timing Information : Time (s): cpu = 00:02:13 ; elapsed = 00:02:42 . Memory (MB): peak = 2759.426 ; gain = 1936.055
---------------------------------------------------------------------------------
---------------------------------------------------------------------------------
Start Applying 'set_property' XDC Constraints
---------------------------------------------------------------------------------
---------------------------------------------------------------------------------
Finished applying 'set_property' XDC Constraints : Time (s): cpu = 00:02:13 ; elapsed = 00:02:42 . Memory (MB): peak = 2759.426 ; gain = 1936.055
---------------------------------------------------------------------------------
---------------------------------------------------------------------------------
Finished RTL Optimization Phase 2 : Time (s): cpu = 00:02:16 ; elapsed = 00:02:46 . Memory (MB): peak = 2759.426 ; gain = 1936.055
---------------------------------------------------------------------------------
---------------------------------------------------------------------------------
Start RTL Component Statistics 
---------------------------------------------------------------------------------
---------------------------------------------------------------------------------
Finished RTL Component Statistics 
---------------------------------------------------------------------------------
---------------------------------------------------------------------------------
Start Part Resource Summary
---------------------------------------------------------------------------------
Part Resources:
DSPs: 240 (col length:80)
BRAMs: 270 (col length: RAMB18 80 RAMB36 40)
---------------------------------------------------------------------------------
Finished Part Resource Summary
---------------------------------------------------------------------------------
---------------------------------------------------------------------------------
Start Cross Boundary and Area Optimization
---------------------------------------------------------------------------------
INFO: [Synth 8-3332] Sequential element (non_native_flt_non_ssr_fft.xfft_inst/non_floating_point.arch_d.xfft_inst/pe0_bf1_addr_gen/no_sclr_lut.real_shift_ram.use_baseblock.use_hlutnm_srls.srl_loop[0].i_fdre0) is unused and will be removed from module xfft_v9_1_15_viv.
INFO: [Synth 8-3332] Sequential element (non_native_flt_non_ssr_fft.xfft_inst/non_floating_point.arch_d.xfft_inst/pe0_bf1_addr_gen/no_sclr_lut.real_shift_ram.use_baseblock.use_hlutnm_srls.srl_loop[0].i_fdre1) is unused and will be removed from module xfft_v9_1_15_viv.
INFO: [Synth 8-3332] Sequential element (non_native_flt_non_ssr_fft.xfft_inst/non_floating_point.arch_d.xfft_inst/pe0_bf1_addr_gen/no_sclr_lut.real_shift_ram.use_baseblock.use_hlutnm_srls.srl_loop[1].i_fdre0) is unused and will be removed from module xfft_v9_1_15_viv.
INFO: [Synth 8-3332] Sequential element (non_native_flt_non_ssr_fft.xfft_inst/non_floating_point.arch_d.xfft_inst/pe0_bf1_addr_gen/no_sclr_lut.real_shift_ram.use_baseblock.use_hlutnm_srls.srl_loop[1].i_fdre1) is unused and will be removed from module xfft_v9_1_15_viv.
INFO: [Synth 8-3332] Sequential element (non_native_flt_non_ssr_fft.xfft_inst/non_floating_point.arch_d.xfft_inst/pe0_bf1_addr_gen/no_sclr_lut.real_shift_ram.use_baseblock.use_hlutnm_srls.srl_loop[2].i_fdre0) is unused and will be removed from module xfft_v9_1_15_viv.
INFO: [Synth 8-3332] Sequential element (non_native_flt_non_ssr_fft.xfft_inst/non_floating_point.arch_d.xfft_inst/pe_gen[0].natural_order_input.PE/delay_addr_bf2/no_sclr_lut.real_shift_ram.use_baseblock.use_hlutnm_srls.srl_loop[0].i_fdre0) is unused and will be removed from module xfft_v9_1_15_viv.
INFO: [Synth 8-3332] Sequential element (non_native_flt_non_ssr_fft.xfft_inst/non_floating_point.arch_d.xfft_inst/pe_gen[0].natural_order_input.PE/delay_addr_bf2/no_sclr_lut.real_shift_ram.use_baseblock.use_hlutnm_srls.srl_loop[0].i_fdre1) is unused and will be removed from module xfft_v9_1_15_viv.
INFO: [Synth 8-3332] Sequential element (non_native_flt_non_ssr_fft.xfft_inst/non_floating_point.arch_d.xfft_inst/pe_gen[0].natural_order_input.PE/delay_addr_bf2/no_sclr_lut.real_shift_ram.use_baseblock.use_hlutnm_srls.srl_loop[1].i_fdre0) is unused and will be removed from module xfft_v9_1_15_viv.
INFO: [Synth 8-3332] Sequential element (non_native_flt_non_ssr_fft.xfft_inst/non_floating_point.arch_d.xfft_inst/pe_gen[0].natural_order_input.PE/delay_addr_bf2/no_sclr_lut.real_shift_ram.use_baseblock.use_hlutnm_srls.srl_loop[1].i_fdre1) is unused and will be removed from module xfft_v9_1_15_viv.
INFO: [Synth 8-3332] Sequential element (non_native_flt_non_ssr_fft.xfft_inst/non_floating_point.arch_d.xfft_inst/pe_gen[0].natural_order_input.PE/delay_addr_tw/no_sclr_lut.real_shift_ram.use_baseblock.use_hlutnm_srls.srl_loop[0].i_fdre0) is unused and will be removed from module xfft_v9_1_15_viv.
INFO: [Synth 8-3332] Sequential element (non_native_flt_non_ssr_fft.xfft_inst/non_floating_point.arch_d.xfft_inst/pe_gen[0].natural_order_input.PE/delay_addr_tw/no_sclr_lut.real_shift_ram.use_baseblock.use_hlutnm_srls.srl_loop[0].i_fdre1) is unused and will be removed from module xfft_v9_1_15_viv.
INFO: [Synth 8-3332] Sequential element (non_native_flt_non_ssr_fft.xfft_inst/non_floating_point.arch_d.xfft_inst/pe_gen[0].natural_order_input.PE/delay_addr_tw/no_sclr_lut.real_shift_ram.use_baseblock.use_hlutnm_srls.srl_loop[1].i_fdre0) is unused and will be removed from module xfft_v9_1_15_viv.
INFO: [Synth 8-3332] Sequential element (non_native_flt_non_ssr_fft.xfft_inst/non_floating_point.arch_d.xfft_inst/pe_gen[0].natural_order_input.PE/delay_addr_tw/no_sclr_lut.real_shift_ram.use_baseblock.use_hlutnm_srls.srl_loop[1].i_fdre1) is unused and will be removed from module xfft_v9_1_15_viv.
INFO: [Synth 8-3332] Sequential element (non_native_flt_non_ssr_fft.xfft_inst/non_floating_point.arch_d.xfft_inst/pe_gen[0].natural_order_input.PE/delay_addr_tw/no_sclr_lut.real_shift_ram.use_baseblock.use_hlutnm_srls.srl_loop[2].i_fdre0) is unused and will be removed from module xfft_v9_1_15_viv.
INFO: [Synth 8-3332] Sequential element (non_native_flt_non_ssr_fft.xfft_inst/non_floating_point.arch_d.xfft_inst/pe_gen[0].natural_order_input.PE/delay_addr_tw/no_sclr_lut.real_shift_ram.use_baseblock.use_hlutnm_srls.srl_loop[2].i_fdre1) is unused and will be removed from module xfft_v9_1_15_viv.
INFO: [Synth 8-3332] Sequential element (non_native_flt_non_ssr_fft.xfft_inst/non_floating_point.arch_d.xfft_inst/pe_gen[0].natural_order_input.PE/FB_1.BF_1/wr_addr_del/no_sclr_lut.real_shift_ram.use_baseblock.use_hlutnm_srls.srl_loop[0].i_fdre0) is unused and will be removed from module xfft_v9_1_15_viv.
INFO: [Synth 8-3332] Sequential element (non_native_flt_non_ssr_fft.xfft_inst/non_floating_point.arch_d.xfft_inst/pe_gen[0].natural_order_input.PE/FB_1.BF_1/wr_addr_del/no_sclr_lut.real_shift_ram.use_baseblock.use_hlutnm_srls.srl_loop[0].i_fdre1) is unused and will be removed from module xfft_v9_1_15_viv.
INFO: [Synth 8-3332] Sequential element (non_native_flt_non_ssr_fft.xfft_inst/non_floating_point.arch_d.xfft_inst/pe_gen[0].natural_order_input.PE/FB_1.BF_1/wr_addr_del/no_sclr_lut.real_shift_ram.use_baseblock.use_hlutnm_srls.srl_loop[1].i_fdre0) is unused and will be removed from module xfft_v9_1_15_viv.
INFO: [Synth 8-3332] Sequential element (non_native_flt_non_ssr_fft.xfft_inst/non_floating_point.arch_d.xfft_inst/pe_gen[0].natural_order_input.PE/FB_1.BF_1/wr_addr_del/no_sclr_lut.real_shift_ram.use_baseblock.use_hlutnm_srls.srl_loop[1].i_fdre1) is unused and will be removed from module xfft_v9_1_15_viv.
INFO: [Synth 8-3332] Sequential element (non_native_flt_non_ssr_fft.xfft_inst/non_floating_point.arch_d.xfft_inst/pe_gen[0].natural_order_input.PE/FB_1.BF_1/wr_addr_del/no_sclr_lut.real_shift_ram.use_baseblock.use_hlutnm_srls.runt_srl_loop.i_fdre) is unused and will be removed from module xfft_v9_1_15_viv.
INFO: [Synth 8-3332] Sequential element (non_native_flt_non_ssr_fft.xfft_inst/non_floating_point.arch_d.xfft_inst/pe_gen[0].natural_order_input.PE/scaling2bits.scaler_re/scale_mux/four_inputs.use_lut6.no_lut_sclr.four_to_one_mux[26].latency1.reg) is unused and will be removed from module xfft_v9_1_15_viv.
INFO: [Synth 8-3332] Sequential element (non_native_flt_non_ssr_fft.xfft_inst/non_floating_point.arch_d.xfft_inst/pe_gen[0].natural_order_input.PE/scaling2bits.scaler_re/scale_mux/four_inputs.use_lut6.no_lut_sclr.four_to_one_mux[25].latency1.reg) is unused and will be removed from module xfft_v9_1_15_viv.
INFO: [Synth 8-3332] Sequential element (non_native_flt_non_ssr_fft.xfft_inst/non_floating_point.arch_d.xfft_inst/pe_gen[0].natural_order_input.PE/scaling2bits.scaler_re/scale_mux/four_inputs.use_lut6.no_lut_sclr.four_to_one_mux[24].latency1.reg) is unused and will be removed from module xfft_v9_1_15_viv.
INFO: [Synth 8-3332] Sequential element (non_native_flt_non_ssr_fft.xfft_inst/non_floating_point.arch_d.xfft_inst/pe_gen[0].natural_order_input.PE/scaling2bits.scaler_im/scale_mux/four_inputs.use_lut6.no_lut_sclr.four_to_one_mux[26].latency1.reg) is unused and will be removed from module xfft_v9_1_15_viv.
INFO: [Synth 8-3332] Sequential element (non_native_flt_non_ssr_fft.xfft_inst/non_floating_point.arch_d.xfft_inst/pe_gen[0].natural_order_input.PE/scaling2bits.scaler_im/scale_mux/four_inputs.use_lut6.no_lut_sclr.four_to_one_mux[25].latency1.reg) is unused and will be removed from module xfft_v9_1_15_viv.
INFO: [Synth 8-3332] Sequential element (non_native_flt_non_ssr_fft.xfft_inst/non_floating_point.arch_d.xfft_inst/pe_gen[0].natural_order_input.PE/scaling2bits.scaler_im/scale_mux/four_inputs.use_lut6.no_lut_sclr.four_to_one_mux[24].latency1.reg) is unused and will be removed from module xfft_v9_1_15_viv.
INFO: [Synth 8-3332] Sequential element (non_native_flt_non_ssr_fft.xfft_inst/non_floating_point.arch_d.xfft_inst/pe_gen[0].natural_order_input.PE/rounding.ROUND_0/reg_gate.delay_d_2/no_sclr_lut.real_shift_ram.use_baseblock.use_hlutnm_srls.srl_loop[0].i_fdre0) is unused and will be removed from module xfft_v9_1_15_viv.
INFO: [Synth 8-3332] Sequential element (non_native_flt_non_ssr_fft.xfft_inst/non_floating_point.arch_d.xfft_inst/pe_gen[0].natural_order_input.PE/rounding.ROUND_1/reg_gate.delay_d_2/no_sclr_lut.real_shift_ram.use_baseblock.use_hlutnm_srls.srl_loop[0].i_fdre0) is unused and will be removed from module xfft_v9_1_15_viv.
INFO: [Synth 8-3332] Sequential element (non_native_flt_non_ssr_fft.xfft_inst/non_floating_point.arch_d.xfft_inst/pe_gen[1].natural_order_input.PE/delay_addr_bf2/no_sclr_lut.real_shift_ram.use_baseblock.use_hlutnm_srls.srl_loop[0].i_fdre0) is unused and will be removed from module xfft_v9_1_15_viv.
INFO: [Synth 8-3332] Sequential element (non_native_flt_non_ssr_fft.xfft_inst/non_floating_point.arch_d.xfft_inst/pe_gen[1].natural_order_input.PE/delay_addr_bf2/no_sclr_lut.real_shift_ram.use_baseblock.use_hlutnm_srls.srl_loop[0].i_fdre1) is unused and will be removed from module xfft_v9_1_15_viv.
INFO: [Synth 8-3332] Sequential element (non_native_flt_non_ssr_fft.xfft_inst/non_floating_point.arch_d.xfft_inst/pe_gen[1].natural_order_input.PE/delay_addr_tw/no_sclr_lut.real_shift_ram.use_baseblock.use_hlutnm_srls.srl_loop[0].i_fdre0) is unused and will be removed from module xfft_v9_1_15_viv.
INFO: [Synth 8-3332] Sequential element (non_native_flt_non_ssr_fft.xfft_inst/non_floating_point.arch_d.xfft_inst/pe_gen[1].natural_order_input.PE/delay_addr_tw/no_sclr_lut.real_shift_ram.use_baseblock.use_hlutnm_srls.srl_loop[0].i_fdre1) is unused and will be removed from module xfft_v9_1_15_viv.
INFO: [Synth 8-3332] Sequential element (non_native_flt_non_ssr_fft.xfft_inst/non_floating_point.arch_d.xfft_inst/pe_gen[1].natural_order_input.PE/delay_addr_tw/no_sclr_lut.real_shift_ram.use_baseblock.use_hlutnm_srls.srl_loop[1].i_fdre0) is unused and will be removed from module xfft_v9_1_15_viv.
INFO: [Synth 8-3332] Sequential element (non_native_flt_non_ssr_fft.xfft_inst/non_floating_point.arch_d.xfft_inst/pe_gen[1].natural_order_input.PE/delay_addr_tw/no_sclr_lut.real_shift_ram.use_baseblock.use_hlutnm_srls.srl_loop[1].i_fdre1) is unused and will be removed from module xfft_v9_1_15_viv.
INFO: [Synth 8-3332] Sequential element (non_native_flt_non_ssr_fft.xfft_inst/non_floating_point.arch_d.xfft_inst/pe_gen[1].natural_order_input.PE/scaling2bits.scaler_re/scale_mux/four_inputs.use_lut6.no_lut_sclr.four_to_one_mux[26].latency1.reg) is unused and will be removed from module xfft_v9_1_15_viv.
INFO: [Synth 8-3332] Sequential element (non_native_flt_non_ssr_fft.xfft_inst/non_floating_point.arch_d.xfft_inst/pe_gen[1].natural_order_input.PE/scaling2bits.scaler_re/scale_mux/four_inputs.use_lut6.no_lut_sclr.four_to_one_mux[25].latency1.reg) is unused and will be removed from module xfft_v9_1_15_viv.
INFO: [Synth 8-3332] Sequential element (non_native_flt_non_ssr_fft.xfft_inst/non_floating_point.arch_d.xfft_inst/pe_gen[1].natural_order_input.PE/scaling2bits.scaler_re/scale_mux/four_inputs.use_lut6.no_lut_sclr.four_to_one_mux[24].latency1.reg) is unused and will be removed from module xfft_v9_1_15_viv.
INFO: [Synth 8-3332] Sequential element (non_native_flt_non_ssr_fft.xfft_inst/non_floating_point.arch_d.xfft_inst/pe_gen[1].natural_order_input.PE/scaling2bits.scaler_im/scale_mux/four_inputs.use_lut6.no_lut_sclr.four_to_one_mux[26].latency1.reg) is unused and will be removed from module xfft_v9_1_15_viv.
INFO: [Synth 8-3332] Sequential element (non_native_flt_non_ssr_fft.xfft_inst/non_floating_point.arch_d.xfft_inst/pe_gen[1].natural_order_input.PE/scaling2bits.scaler_im/scale_mux/four_inputs.use_lut6.no_lut_sclr.four_to_one_mux[25].latency1.reg) is unused and will be removed from module xfft_v9_1_15_viv.
INFO: [Synth 8-3332] Sequential element (non_native_flt_non_ssr_fft.xfft_inst/non_floating_point.arch_d.xfft_inst/pe_gen[1].natural_order_input.PE/scaling2bits.scaler_im/scale_mux/four_inputs.use_lut6.no_lut_sclr.four_to_one_mux[24].latency1.reg) is unused and will be removed from module xfft_v9_1_15_viv.
INFO: [Synth 8-3332] Sequential element (non_native_flt_non_ssr_fft.xfft_inst/non_floating_point.arch_d.xfft_inst/pe_gen[1].natural_order_input.PE/rounding.ROUND_0/reg_gate.delay_d_2/no_sclr_lut.real_shift_ram.use_baseblock.use_hlutnm_srls.srl_loop[0].i_fdre0) is unused and will be removed from module xfft_v9_1_15_viv.
INFO: [Synth 8-3332] Sequential element (non_native_flt_non_ssr_fft.xfft_inst/non_floating_point.arch_d.xfft_inst/pe_gen[1].natural_order_input.PE/rounding.ROUND_1/reg_gate.delay_d_2/no_sclr_lut.real_shift_ram.use_baseblock.use_hlutnm_srls.srl_loop[0].i_fdre0) is unused and will be removed from module xfft_v9_1_15_viv.
INFO: [Synth 8-3332] Sequential element (non_native_flt_non_ssr_fft.xfft_inst/non_floating_point.arch_d.xfft_inst/pe_gen[2].natural_order_input.PE/has_scale_pipelining.has_tw_scale_delay.fixed_tw_scale_delay.ovflo_delay/no_sclr_lut.real_shift_ram.use_baseblock.use_hlutnm_srls.runt_srl_loop.i_fdre) is unused and will be removed from module xfft_v9_1_15_viv.
INFO: [Synth 8-3332] Sequential element (non_native_flt_non_ssr_fft.xfft_inst/non_floating_point.arch_d.xfft_inst/pe_gen[2].natural_order_input.PE/has_scale_pipelining.pe_ovflo_delay/no_sclr_lut.real_shift_ram.use_baseblock.use_hlutnm_srls.runt_srl_loop.i_fdre) is unused and will be removed from module xfft_v9_1_15_viv.
INFO: [Synth 8-3332] Sequential element (non_native_flt_non_ssr_fft.xfft_inst/non_floating_point.arch_d.xfft_inst/pe_gen[2].natural_order_input.PE/delay_addr_tw/no_sclr_lut.real_shift_ram.use_baseblock.use_hlutnm_srls.srl_loop[0].i_fdre0) is unused and will be removed from module xfft_v9_1_15_viv.
INFO: [Synth 8-3332] Sequential element (non_native_flt_non_ssr_fft.xfft_inst/non_floating_point.arch_d.xfft_inst/pe_gen[2].natural_order_input.PE/delay_addr_tw/no_sclr_lut.real_shift_ram.use_baseblock.use_hlutnm_srls.srl_loop[0].i_fdre1) is unused and will be removed from module xfft_v9_1_15_viv.
INFO: [Synth 8-3332] Sequential element (non_native_flt_non_ssr_fft.xfft_inst/non_floating_point.arch_d.xfft_inst/pe_gen[2].natural_order_input.PE/scaling2bits.scaler_re/scale_mux/four_inputs.use_lut6.no_lut_sclr.four_to_one_mux[20].latency1.reg) is unused and will be removed from module xfft_v9_1_15_viv.
INFO: [Synth 8-3332] Sequential element (non_native_flt_non_ssr_fft.xfft_inst/non_floating_point.arch_d.xfft_inst/pe_gen[2].natural_order_input.PE/scaling2bits.scaler_re/scale_mux/four_inputs.use_lut6.no_lut_sclr.four_to_one_mux[19].latency1.reg) is unused and will be removed from module xfft_v9_1_15_viv.
INFO: [Synth 8-3332] Sequential element (non_native_flt_non_ssr_fft.xfft_inst/non_floating_point.arch_d.xfft_inst/pe_gen[2].natural_order_input.PE/scaling2bits.scaler_re/scale_mux/four_inputs.use_lut6.no_lut_sclr.four_to_one_mux[0].latency1.reg) is unused and will be removed from module xfft_v9_1_15_viv.
INFO: [Synth 8-3332] Sequential element (non_native_flt_non_ssr_fft.xfft_inst/non_floating_point.arch_d.xfft_inst/pe_gen[2].natural_order_input.PE/scaling2bits.scaler_im/scale_mux/four_inputs.use_lut6.no_lut_sclr.four_to_one_mux[20].latency1.reg) is unused and will be removed from module xfft_v9_1_15_viv.
INFO: [Synth 8-3332] Sequential element (non_native_flt_non_ssr_fft.xfft_inst/non_floating_point.arch_d.xfft_inst/pe_gen[2].natural_order_input.PE/scaling2bits.scaler_im/scale_mux/four_inputs.use_lut6.no_lut_sclr.four_to_one_mux[19].latency1.reg) is unused and will be removed from module xfft_v9_1_15_viv.
INFO: [Synth 8-3332] Sequential element (non_native_flt_non_ssr_fft.xfft_inst/non_floating_point.arch_d.xfft_inst/pe_gen[2].natural_order_input.PE/scaling2bits.scaler_im/scale_mux/four_inputs.use_lut6.no_lut_sclr.four_to_one_mux[0].latency1.reg) is unused and will be removed from module xfft_v9_1_15_viv.
INFO: [Synth 8-3332] Sequential element (non_native_flt_non_ssr_fft.xfft_inst/non_floating_point.arch_d.xfft_inst/pe_gen[2].natural_order_input.PE/rounding.ROUND_0/reg_gate.delay_d_2/no_sclr_lut.real_shift_ram.use_baseblock.use_hlutnm_srls.srl_loop[0].i_fdre0) is unused and will be removed from module xfft_v9_1_15_viv.
INFO: [Synth 8-3332] Sequential element (non_native_flt_non_ssr_fft.xfft_inst/non_floating_point.arch_d.xfft_inst/pe_gen[2].natural_order_input.PE/rounding.ROUND_1/reg_gate.delay_d_2/no_sclr_lut.real_shift_ram.use_baseblock.use_hlutnm_srls.srl_loop[0].i_fdre0) is unused and will be removed from module xfft_v9_1_15_viv.
INFO: [Synth 8-3332] Sequential element (non_native_flt_non_ssr_fft.xfft_inst/non_floating_point.arch_d.xfft_inst/has_bit_reverse.REG3/need_sclr_lut.real_shift_ram.d3plus.use_hlutnm_srls.srl_loop[0].i_fdre0) is unused and will be removed from module xfft_v9_1_15_viv.
INFO: [Synth 8-3332] Sequential element (non_native_flt_non_ssr_fft.xfft_inst/non_floating_point.arch_d.xfft_inst/has_bit_reverse.REG3/need_sclr_lut.real_shift_ram.d3plus.use_hlutnm_srls.srl_loop[0].i_fdre1) is unused and will be removed from module xfft_v9_1_15_viv.
INFO: [Synth 8-3332] Sequential element (non_native_flt_non_ssr_fft.xfft_inst/non_floating_point.arch_d.xfft_inst/has_bit_reverse.REG3/need_sclr_lut.real_shift_ram.d3plus.use_hlutnm_srls.srl_loop[1].i_fdre0) is unused and will be removed from module xfft_v9_1_15_viv.
INFO: [Synth 8-3332] Sequential element (non_native_flt_non_ssr_fft.xfft_inst/non_floating_point.arch_d.xfft_inst/has_bit_reverse.REG3/need_sclr_lut.real_shift_ram.d3plus.use_hlutnm_srls.srl_loop[1].i_fdre1) is unused and will be removed from module xfft_v9_1_15_viv.
INFO: [Synth 8-3332] Sequential element (non_native_flt_non_ssr_fft.xfft_inst/non_floating_point.arch_d.xfft_inst/has_bit_reverse.REG3/need_sclr_lut.real_shift_ram.d3plus.use_hlutnm_srls.srl_loop[2].i_fdre0) is unused and will be removed from module xfft_v9_1_15_viv.
INFO: [Synth 8-3332] Sequential element (non_native_flt_non_ssr_fft.xfft_inst/non_floating_point.arch_d.xfft_inst/has_bit_reverse.REG3/need_sclr_lut.real_shift_ram.d3plus.use_hlutnm_srls.srl_loop[2].i_fdre1) is unused and will be removed from module xfft_v9_1_15_viv.
INFO: [Synth 8-3332] Sequential element (non_native_flt_non_ssr_fft.xfft_inst/non_floating_point.arch_d.xfft_inst/has_bit_reverse.REG3/need_sclr_lut.real_shift_ram.FF_gen[5].reg) is unused and will be removed from module xfft_v9_1_15_viv.
INFO: [Synth 8-3332] Sequential element (non_native_flt_non_ssr_fft.xfft_inst/non_floating_point.arch_d.xfft_inst/has_bit_reverse.REG3/need_sclr_lut.real_shift_ram.FF_gen[4].reg) is unused and will be removed from module xfft_v9_1_15_viv.
INFO: [Synth 8-3332] Sequential element (non_native_flt_non_ssr_fft.xfft_inst/non_floating_point.arch_d.xfft_inst/has_bit_reverse.REG3/need_sclr_lut.real_shift_ram.FF_gen[3].reg) is unused and will be removed from module xfft_v9_1_15_viv.
INFO: [Synth 8-3332] Sequential element (non_native_flt_non_ssr_fft.xfft_inst/non_floating_point.arch_d.xfft_inst/has_bit_reverse.REG3/need_sclr_lut.real_shift_ram.FF_gen[2].reg) is unused and will be removed from module xfft_v9_1_15_viv.
INFO: [Synth 8-3332] Sequential element (non_native_flt_non_ssr_fft.xfft_inst/non_floating_point.arch_d.xfft_inst/has_bit_reverse.REG3/need_sclr_lut.real_shift_ram.FF_gen[1].reg) is unused and will be removed from module xfft_v9_1_15_viv.
INFO: [Synth 8-3332] Sequential element (non_native_flt_non_ssr_fft.xfft_inst/non_floating_point.arch_d.xfft_inst/has_bit_reverse.REG3/need_sclr_lut.real_shift_ram.FF_gen[0].reg) is unused and will be removed from module xfft_v9_1_15_viv.
INFO: [Synth 8-3332] Sequential element (non_native_flt_non_ssr_fft.xfft_inst/non_floating_point.arch_d.xfft_inst/has_bit_reverse.busy_gen/proc_start_delay/need_sclr_lut.real_shift_ram.FF_gen[0].reg) is unused and will be removed from module xfft_v9_1_15_viv.
INFO: [Synth 8-3332] Sequential element (non_native_flt_non_ssr_fft.xfft_inst/non_floating_point.arch_d.xfft_inst/pe_gen[1].natural_order_input.PE/has_TW_mult.MULT/i_cmpy/three_mult_structure.use_dsp.i_dsp/optionally_negate_inputs/apply_negation.registered_twos_comp_hblknm.gen_full_slices[0].gen_fdre[0].ff_br) is unused and will be removed from module xfft_v9_1_15_viv.
INFO: [Synth 8-3332] Sequential element (non_native_flt_non_ssr_fft.xfft_inst/non_floating_point.arch_d.xfft_inst/pe_gen[1].natural_order_input.PE/has_TW_mult.MULT/i_cmpy/three_mult_structure.use_dsp.i_dsp/optionally_negate_inputs/apply_negation.registered_twos_comp_hblknm.gen_full_slices[0].gen_fdre[0].ff_bi) is unused and will be removed from module xfft_v9_1_15_viv.
---------------------------------------------------------------------------------
Finished Cross Boundary and Area Optimization : Time (s): cpu = 00:02:24 ; elapsed = 00:02:55 . Memory (MB): peak = 2759.426 ; gain = 1936.055
---------------------------------------------------------------------------------
---------------------------------------------------------------------------------
Start Applying XDC Timing Constraints
---------------------------------------------------------------------------------
---------------------------------------------------------------------------------
Finished Applying XDC Timing Constraints : Time (s): cpu = 00:02:35 ; elapsed = 00:03:08 . Memory (MB): peak = 2759.426 ; gain = 1936.055
---------------------------------------------------------------------------------
---------------------------------------------------------------------------------
Start Timing Optimization
---------------------------------------------------------------------------------
---------------------------------------------------------------------------------
Finished Timing Optimization : Time (s): cpu = 00:02:37 ; elapsed = 00:03:10 . Memory (MB): peak = 2759.426 ; gain = 1936.055
---------------------------------------------------------------------------------
---------------------------------------------------------------------------------
Start Technology Mapping
---------------------------------------------------------------------------------
---------------------------------------------------------------------------------
Finished Technology Mapping : Time (s): cpu = 00:02:39 ; elapsed = 00:03:12 . Memory (MB): peak = 2759.426 ; gain = 1936.055
---------------------------------------------------------------------------------
---------------------------------------------------------------------------------
Start IO Insertion
---------------------------------------------------------------------------------
---------------------------------------------------------------------------------
Start Flattening Before IO Insertion
---------------------------------------------------------------------------------
---------------------------------------------------------------------------------
Finished Flattening Before IO Insertion
---------------------------------------------------------------------------------
---------------------------------------------------------------------------------
Start Final Netlist Cleanup
---------------------------------------------------------------------------------
---------------------------------------------------------------------------------
Finished Final Netlist Cleanup
---------------------------------------------------------------------------------
---------------------------------------------------------------------------------
Finished IO Insertion : Time (s): cpu = 00:02:46 ; elapsed = 00:03:20 . Memory (MB): peak = 2759.426 ; gain = 1936.055
---------------------------------------------------------------------------------
---------------------------------------------------------------------------------
Start Renaming Generated Instances
---------------------------------------------------------------------------------
---------------------------------------------------------------------------------
Finished Renaming Generated Instances : Time (s): cpu = 00:02:46 ; elapsed = 00:03:20 . Memory (MB): peak = 2759.426 ; gain = 1936.055
---------------------------------------------------------------------------------
---------------------------------------------------------------------------------
Start Rebuilding User Hierarchy
---------------------------------------------------------------------------------
---------------------------------------------------------------------------------
Finished Rebuilding User Hierarchy : Time (s): cpu = 00:02:47 ; elapsed = 00:03:21 . Memory (MB): peak = 2759.426 ; gain = 1936.055
---------------------------------------------------------------------------------
---------------------------------------------------------------------------------
Start Renaming Generated Ports
---------------------------------------------------------------------------------
---------------------------------------------------------------------------------
Finished Renaming Generated Ports : Time (s): cpu = 00:02:47 ; elapsed = 00:03:21 . Memory (MB): peak = 2759.426 ; gain = 1936.055
---------------------------------------------------------------------------------
---------------------------------------------------------------------------------
Start Handling Custom Attributes
---------------------------------------------------------------------------------
---------------------------------------------------------------------------------
Finished Handling Custom Attributes : Time (s): cpu = 00:02:47 ; elapsed = 00:03:21 . Memory (MB): peak = 2759.426 ; gain = 1936.055
---------------------------------------------------------------------------------
---------------------------------------------------------------------------------
Start Renaming Generated Nets
---------------------------------------------------------------------------------
---------------------------------------------------------------------------------
Finished Renaming Generated Nets : Time (s): cpu = 00:02:47 ; elapsed = 00:03:22 . Memory (MB): peak = 2759.426 ; gain = 1936.055
---------------------------------------------------------------------------------
---------------------------------------------------------------------------------
Start Writing Synthesis Report
---------------------------------------------------------------------------------

DSP Final Report (the ' indicates corresponding REG is set)
+------------------------+--------------------------+--------+--------+--------+--------+--------+------+------+------+------+-------+------+------+
|Module Name             | DSP Mapping              | A Size | B Size | C Size | D Size | P Size | AREG | BREG | CREG | DREG | ADREG | MREG | PREG | 
+------------------------+--------------------------+--------+--------+--------+--------+--------+------+------+------+------+-------+------+------+
|dsp_165                 | (C'-(((D'+A'')'*B'')'))' | 25     | 18     | 48     | 25     | 43     | 2    | 2    | 1    | 1    | 1     | 1    | 1    | 
|dsp__parameterized0_164 | (C+((D'+A')'*B'')')'     | 25     | 18     | 9      | 25     | 43     | 1    | 2    | 0    | 1    | 1     | 1    | 1    | 
|dsp__parameterized1_162 | (C'+((D'-A'')'*B'')')'   | 25     | 18     | 48     | 25     | 43     | 2    | 2    | 1    | 1    | 1     | 1    | 1    | 
|dsp                     | (C'-(((D'+A'')'*B'')'))' | 25     | 18     | 48     | 25     | 43     | 2    | 2    | 1    | 1    | 1     | 1    | 1    | 
|dsp__parameterized0     | (C+((D'+A')'*B'')')'     | 25     | 18     | 9      | 25     | 43     | 1    | 2    | 0    | 1    | 1     | 1    | 1    | 
|dsp__parameterized1     | (C'+((D'-A'')'*B'')')'   | 25     | 18     | 48     | 25     | 43     | 2    | 2    | 1    | 1    | 1     | 1    | 1    | 
+------------------------+--------------------------+--------+--------+--------+--------+--------+------+------+------+------+-------+------+------+


Report BlackBoxes: 
+-+--------------+----------+
| |BlackBox name |Instances |
+-+--------------+----------+
+-+--------------+----------+

Report Cell Usage: 
+------+---------+------+
|      |Cell     |Count |
+------+---------+------+
|1     |CARRY4   |    18|
|2     |DSP48E1  |     6|
|4     |LUT1     |    18|
|5     |LUT2     |   317|
|6     |LUT3     |   623|
|7     |LUT4     |   161|
|8     |LUT5     |    18|
|9     |LUT6     |   215|
|10    |MUXCY    |   536|
|11    |RAMB18E1 |     1|
|12    |SRL16E   |   602|
|13    |SRLC32E  |    65|
|14    |XORCY    |   526|
|15    |FD       |     3|
|16    |FDE      |   222|
|17    |FDR      |    18|
|18    |FDRE     |  2511|
+------+---------+------+
---------------------------------------------------------------------------------
Finished Writing Synthesis Report : Time (s): cpu = 00:02:47 ; elapsed = 00:03:22 . Memory (MB): peak = 2759.426 ; gain = 1936.055
---------------------------------------------------------------------------------
Synthesis finished with 0 errors, 0 critical warnings and 0 warnings.
Synthesis Optimization Runtime : Time (s): cpu = 00:00:45 ; elapsed = 00:03:14 . Memory (MB): peak = 2759.426 ; gain = 1936.055
Synthesis Optimization Complete : Time (s): cpu = 00:02:48 ; elapsed = 00:03:22 . Memory (MB): peak = 2759.426 ; gain = 1936.055
INFO: [Project 1-571] Translating synthesized netlist
Netlist sorting complete. Time (s): cpu = 00:00:00 ; elapsed = 00:00:00.227 . Memory (MB): peak = 2759.426 ; gain = 0.000
INFO: [Netlist 29-17] Analyzing 1330 Unisim elements for replacement
INFO: [Netlist 29-28] Unisim Transformation completed in 0 CPU seconds
INFO: [Project 1-570] Preparing netlist for logic optimization
INFO: [Opt 31-138] Pushed 0 inverter(s) to 0 load pin(s).
Netlist sorting complete. Time (s): cpu = 00:00:00 ; elapsed = 00:00:00.006 . Memory (MB): peak = 2759.426 ; gain = 0.000
INFO: [Project 1-111] Unisim Transformation Summary:
  A total of 406 instances were transformed.
  (MUXCY,XORCY) => CARRY4: 163 instances
  FD => FDRE: 3 instances
  FDE => FDRE: 222 instances
  FDR => FDRE: 18 instances

Synth Design complete | Checksum: d8f8cf0c
INFO: [Common 17-83] Releasing license: Synthesis
190 Infos, 0 Warnings, 0 Critical Warnings and 0 Errors encountered.
synth_design completed successfully
synth_design: Time (s): cpu = 00:02:59 ; elapsed = 00:03:37 . Memory (MB): peak = 2759.426 ; gain = 2137.422
Write ShapeDB Complete: Time (s): cpu = 00:00:00 ; elapsed = 00:00:00.031 . Memory (MB): peak = 2759.426 ; gain = 0.000
INFO: [Common 17-1381] The checkpoint 'C:/Sourish/OFDM/OFDM_FPGA/OFDM_FPGA.runs/xfft_0_synth_1/xfft_0.dcp' has been generated.
write_vhdl: Time (s): cpu = 00:00:05 ; elapsed = 00:00:05 . Memory (MB): peak = 2759.426 ; gain = 0.000
INFO: [Coretcl 2-1648] Added synthesis output to IP cache for IP xfft_0, cache-ID = fcab864c7750c221
INFO: [Coretcl 2-1174] Renamed 465 cell refs.
Write ShapeDB Complete: Time (s): cpu = 00:00:00 ; elapsed = 00:00:00.031 . Memory (MB): peak = 2759.426 ; gain = 0.000
INFO: [Common 17-1381] The checkpoint 'C:/Sourish/OFDM/OFDM_FPGA/OFDM_FPGA.runs/xfft_0_synth_1/xfft_0.dcp' has been generated.
INFO: [Vivado 12-24828] Executing command : report_utilization -file xfft_0_utilization_synth.rpt -pb xfft_0_utilization_synth.pb
write_vhdl: Time (s): cpu = 00:00:06 ; elapsed = 00:00:06 . Memory (MB): peak = 2759.426 ; gain = 0.000
INFO: [Common 17-206] Exiting Vivado at Fri Jun 19 11:55:21 2026...
