INFO: [VRFC 10-2263] Analyzing SystemVerilog file "C:/Sourish/OFDM/OFDM_FPGA/OFDM_FPGA.srcs/sources_1/new/bits_rom.sv" into library xil_defaultlib
INFO: [VRFC 10-311] analyzing module bits_rom
INFO: [VRFC 10-2263] Analyzing SystemVerilog file "C:/Sourish/OFDM/OFDM_FPGA/OFDM_FPGA.srcs/sources_1/new/fixed_pkg.sv" into library xil_defaultlib
INFO: [VRFC 10-2263] Analyzing SystemVerilog file "C:/Sourish/OFDM/OFDM_FPGA/OFDM_FPGA.srcs/sources_1/new/byte_serializer.sv" into library xil_defaultlib
INFO: [VRFC 10-311] analyzing module byte_serializer
INFO: [VRFC 10-2263] Analyzing SystemVerilog file "C:/Sourish/OFDM/OFDM_FPGA/OFDM_FPGA.srcs/sources_1/new/cp_insert.sv" into library xil_defaultlib
INFO: [VRFC 10-311] analyzing module cp_insert
WARNING: [VRFC 10-3380] identifier 'mem_addr' is used before its declaration [C:/Sourish/OFDM/OFDM_FPGA/OFDM_FPGA.srcs/sources_1/new/cp_insert.sv:111]
INFO: [VRFC 10-2263] Analyzing SystemVerilog file "C:/Sourish/OFDM/OFDM_FPGA/OFDM_FPGA.srcs/sources_1/new/fifo_sync.sv" into library xil_defaultlib
INFO: [VRFC 10-311] analyzing module fifo_sync
INFO: [VRFC 10-2263] Analyzing SystemVerilog file "C:/Sourish/OFDM/OFDM_FPGA/OFDM_FPGA.srcs/sources_1/new/frame_sequencer.sv" into library xil_defaultlib
INFO: [VRFC 10-311] analyzing module frame_sequencer
INFO: [VRFC 10-2263] Analyzing SystemVerilog file "C:/Sourish/OFDM/OFDM_FPGA/OFDM_FPGA.srcs/sources_1/new/ifft_wrapper.sv" into library xil_defaultlib
INFO: [VRFC 10-311] analyzing module ifft_wrapper
INFO: [VRFC 10-2263] Analyzing SystemVerilog file "C:/Sourish/OFDM/OFDM_FPGA/OFDM_FPGA.srcs/sources_1/new/preamble_rom.sv" into library xil_defaultlib
INFO: [VRFC 10-311] analyzing module preamble_rom
INFO: [VRFC 10-2263] Analyzing SystemVerilog file "C:/Sourish/OFDM/OFDM_FPGA/OFDM_FPGA.srcs/sources_1/new/qpsk_mapper.sv" into library xil_defaultlib
INFO: [VRFC 10-311] analyzing module qpsk_mapper
INFO: [VRFC 10-2263] Analyzing SystemVerilog file "C:/Sourish/OFDM/OFDM_FPGA/OFDM_FPGA.srcs/sources_1/new/top.sv" into library xil_defaultlib
INFO: [VRFC 10-311] analyzing module top
INFO: [VRFC 10-2263] Analyzing SystemVerilog file "C:/Sourish/OFDM/OFDM_FPGA/OFDM_FPGA.srcs/sim_1/new/tb_top.sv" into library xil_defaultlib
INFO: [VRFC 10-311] analyzing module tb_top
